#2026 09 09 05:34:53.258#Z#DEBUG#125301ff-ac10-11f1-b39f-eeee0a9ef9bb.Insurance_claim_management-db-deployer#flowable-async-job-executor-thread-15337#
[PollStageAppStatusExecution] 34352468-b085-4729-8d97-bdb72238eaed [2026-09-09T05:34:24.158856] Updated app with guid 34352468-b085-4729-8d97-bdb72238eaed ({"lifecycle"=>{"data"=>{"buildpacks"=>["nodejs_buildpack"]}, "type"=>"buildpack"}}) (STDOUT, API)#
#2026 09 09 05:34:53.258#Z#DEBUG#125301ff-ac10-11f1-b39f-eeee0a9ef9bb.Insurance_claim_management-db-deployer#flowable-async-job-executor-thread-15337#
[PollStageAppStatusExecution] 34352468-b085-4729-8d97-bdb72238eaed [2026-09-09T05:34:24.256708] Updating process: "web" (STDOUT, API)#
#2026 09 09 05:34:53.258#Z#DEBUG#125301ff-ac10-11f1-b39f-eeee0a9ef9bb.Insurance_claim_management-db-deployer#flowable-async-job-executor-thread-15337#
[PollStageAppStatusExecution] 34352468-b085-4729-8d97-bdb72238eaed [2026-09-09T05:34:33.421995] Uploading app package for app with guid 34352468-b085-4729-8d97-bdb72238eaed (STDOUT, API)#
#2026 09 09 05:34:53.258#Z#DEBUG#125301ff-ac10-11f1-b39f-eeee0a9ef9bb.Insurance_claim_management-db-deployer#flowable-async-job-executor-thread-15337#
[PollStageAppStatusExecution] 34352468-b085-4729-8d97-bdb72238eaed [2026-09-09T05:34:33.596652] Updated app with guid 34352468-b085-4729-8d97-bdb72238eaed ({"environment_variables"=>"[PRIVATE DATA HIDDEN]"}) (STDOUT, API)#
#2026 09 09 05:34:53.258#Z#DEBUG#125301ff-ac10-11f1-b39f-eeee0a9ef9bb.Insurance_claim_management-db-deployer#flowable-async-job-executor-thread-15337#
[PollStageAppStatusExecution] 34352468-b085-4729-8d97-bdb72238eaed [2026-09-09T05:34:43.465807] Creating build for app with guid 34352468-b085-4729-8d97-bdb72238eaed (STDOUT, API)#
#2026 09 09 05:34:53.258#Z#DEBUG#125301ff-ac10-11f1-b39f-eeee0a9ef9bb.Insurance_claim_management-db-deployer#flowable-async-job-executor-thread-15337#
[PollStageAppStatusExecution] 34352468-b085-4729-8d97-bdb72238eaed [2026-09-09T05:34:43.862198] Downloading nodejs_buildpack... (STDOUT, STG)#
#2026 09 09 05:34:53.258#Z#DEBUG#125301ff-ac10-11f1-b39f-eeee0a9ef9bb.Insurance_claim_management-db-deployer#flowable-async-job-executor-thread-15337#
[PollStageAppStatusExecution] 34352468-b085-4729-8d97-bdb72238eaed [2026-09-09T05:34:43.905019] Downloaded nodejs_buildpack (STDOUT, STG)#
#2026 09 09 05:34:53.258#Z#DEBUG#125301ff-ac10-11f1-b39f-eeee0a9ef9bb.Insurance_claim_management-db-deployer#flowable-async-job-executor-thread-15337#
[PollStageAppStatusExecution] 34352468-b085-4729-8d97-bdb72238eaed [2026-09-09T05:34:43.905142] Cell 684caff8-89cd-492b-be01-b3d0835f1763 creating container for instance c456cf06-9d96-4fd8-855b-59237472148c (STDOUT, STG)#
#2026 09 09 05:34:53.258#Z#DEBUG#125301ff-ac10-11f1-b39f-eeee0a9ef9bb.Insurance_claim_management-db-deployer#flowable-async-job-executor-thread-15337#
[PollStageAppStatusExecution] 34352468-b085-4729-8d97-bdb72238eaed [2026-09-09T05:34:44.513623] Security group rules were updated (STDOUT, STG)#
#2026 09 09 05:34:53.258#Z#DEBUG#125301ff-ac10-11f1-b39f-eeee0a9ef9bb.Insurance_claim_management-db-deployer#flowable-async-job-executor-thread-15337#
[PollStageAppStatusExecution] 34352468-b085-4729-8d97-bdb72238eaed [2026-09-09T05:34:44.599801] Cell 684caff8-89cd-492b-be01-b3d0835f1763 successfully created container for instance c456cf06-9d96-4fd8-855b-59237472148c (STDOUT, STG)#
#2026 09 09 05:34:53.258#Z#DEBUG#125301ff-ac10-11f1-b39f-eeee0a9ef9bb.Insurance_claim_management-db-deployer#flowable-async-job-executor-thread-15337#
[PollStageAppStatusExecution] 34352468-b085-4729-8d97-bdb72238eaed [2026-09-09T05:34:45.066014] Downloading app package... (STDOUT, STG)#
#2026 09 09 05:34:53.258#Z#DEBUG#125301ff-ac10-11f1-b39f-eeee0a9ef9bb.Insurance_claim_management-db-deployer#flowable-async-job-executor-thread-15337#
[PollStageAppStatusExecution] 34352468-b085-4729-8d97-bdb72238eaed [2026-09-09T05:34:45.066020] Downloading build artifacts cache... (STDOUT, STG)#
#2026 09 09 05:34:53.258#Z#DEBUG#125301ff-ac10-11f1-b39f-eeee0a9ef9bb.Insurance_claim_management-db-deployer#flowable-async-job-executor-thread-15337#
[PollStageAppStatusExecution] 34352468-b085-4729-8d97-bdb72238eaed [2026-09-09T05:34:45.129602] Downloaded build artifacts cache (223B) (STDOUT, STG)#
#2026 09 09 05:34:53.258#Z#DEBUG#125301ff-ac10-11f1-b39f-eeee0a9ef9bb.Insurance_claim_management-db-deployer#flowable-async-job-executor-thread-15337#
[PollStageAppStatusExecution] 34352468-b085-4729-8d97-bdb72238eaed [2026-09-09T05:34:45.328542] Downloaded app package (2.3M) (STDOUT, STG)#
#2026 09 09 05:34:53.258#Z#DEBUG#125301ff-ac10-11f1-b39f-eeee0a9ef9bb.Insurance_claim_management-db-deployer#flowable-async-job-executor-thread-15337#
[PollStageAppStatusExecution] 34352468-b085-4729-8d97-bdb72238eaed [2026-09-09T05:34:45.425648] -----> Nodejs Buildpack version 1.9.3 (STDOUT, STG)#
#2026 09 09 05:34:53.258#Z#DEBUG#125301ff-ac10-11f1-b39f-eeee0a9ef9bb.Insurance_claim_management-db-deployer#flowable-async-job-executor-thread-15337#
[PollStageAppStatusExecution] 34352468-b085-4729-8d97-bdb72238eaed [2026-09-09T05:34:45.541372] -----> Bootstrapping python (STDOUT, STG)#
#2026 09 09 05:34:53.258#Z#DEBUG#125301ff-ac10-11f1-b39f-eeee0a9ef9bb.Insurance_claim_management-db-deployer#flowable-async-job-executor-thread-15337#
[PollStageAppStatusExecution] 34352468-b085-4729-8d97-bdb72238eaed [2026-09-09T05:34:45.541418] -----> Installing python 3.13.14 (STDOUT, STG)#
#2026 09 09 05:34:53.258#Z#DEBUG#125301ff-ac10-11f1-b39f-eeee0a9ef9bb.Insurance_claim_management-db-deployer#flowable-async-job-executor-thread-15337#
[PollStageAppStatusExecution] 34352468-b085-4729-8d97-bdb72238eaed [2026-09-09T05:34:45.541702] Copy [/tmp/buildpacks/336fb825d4d72bff/dependencies/4b4266a2ff36730aef37b88b668ca327/python_3.13.14_linux_x64_cflinuxfs4_b80d4954.tgz] (STDOUT, STG)#
#2026 09 09 05:34:53.258#Z#DEBUG#125301ff-ac10-11f1-b39f-eeee0a9ef9bb.Insurance_claim_management-db-deployer#flowable-async-job-executor-thread-15337#
[PollStageAppStatusExecution] 34352468-b085-4729-8d97-bdb72238eaed [2026-09-09T05:34:49.681912] -----> Installing binaries (STDOUT, STG)#
#2026 09 09 05:34:53.258#Z#DEBUG#125301ff-ac10-11f1-b39f-eeee0a9ef9bb.Insurance_claim_management-db-deployer#flowable-async-job-executor-thread-15337#
[PollStageAppStatusExecution] 34352468-b085-4729-8d97-bdb72238eaed [2026-09-09T05:34:49.682212] engines.node (package.json): >=18 (STDOUT, STG)#
#2026 09 09 05:34:53.258#Z#DEBUG#125301ff-ac10-11f1-b39f-eeee0a9ef9bb.Insurance_claim_management-db-deployer#flowable-async-job-executor-thread-15337#
[PollStageAppStatusExecution] 34352468-b085-4729-8d97-bdb72238eaed [2026-09-09T05:34:49.682267] engines.npm (package.json): unspecified (use default) (STDOUT, STG)#
#2026 09 09 05:34:53.258#Z#DEBUG#125301ff-ac10-11f1-b39f-eeee0a9ef9bb.Insurance_claim_management-db-deployer#flowable-async-job-executor-thread-15337#
[PollStageAppStatusExecution] 34352468-b085-4729-8d97-bdb72238eaed [2026-09-09T05:34:49.682386] [31;1m**WARNING**[0m Dangerous semver range (>) in engines.node. See: http://docs.cloudfoundry.org/buildpacks/node/node-tips.html (STDOUT, STG)#
#2026 09 09 05:34:53.258#Z#DEBUG#125301ff-ac10-11f1-b39f-eeee0a9ef9bb.Insurance_claim_management-db-deployer#flowable-async-job-executor-thread-15337#
[PollStageAppStatusExecution] 34352468-b085-4729-8d97-bdb72238eaed [2026-09-09T05:34:49.682543] -----> Installing node 24.18.0 (STDOUT, STG)#
#2026 09 09 05:34:53.258#Z#DEBUG#125301ff-ac10-11f1-b39f-eeee0a9ef9bb.Insurance_claim_management-db-deployer#flowable-async-job-executor-thread-15337#
[PollStageAppStatusExecution] 34352468-b085-4729-8d97-bdb72238eaed [2026-09-09T05:34:49.682765] Copy [/tmp/buildpacks/336fb825d4d72bff/dependencies/dffbbb835fcd073c4544f78eb6247fac/node_24.18.0_linux_x64_cflinuxfs4_cdfed650.tgz] (STDOUT, STG)#
#2026 09 09 05:34:53.258#Z#DEBUG#125301ff-ac10-11f1-b39f-eeee0a9ef9bb.Insurance_claim_management-db-deployer#flowable-async-job-executor-thread-15337#
[PollStageAppStatusExecution] 34352468-b085-4729-8d97-bdb72238eaed [2026-09-09T05:34:52.154694] Using default npm version: 11.16.0 (STDOUT, STG)#
#2026 09 09 05:34:53.258#Z#DEBUG#125301ff-ac10-11f1-b39f-eeee0a9ef9bb.Insurance_claim_management-db-deployer#flowable-async-job-executor-thread-15337#
[PollStageAppStatusExecution] 34352468-b085-4729-8d97-bdb72238eaed [2026-09-09T05:34:52.154724] -----> Installing yarn 1.22.22 (STDOUT, STG)#
#2026 09 09 05:34:53.258#Z#DEBUG#125301ff-ac10-11f1-b39f-eeee0a9ef9bb.Insurance_claim_management-db-deployer#flowable-async-job-executor-thread-15337#
[PollStageAppStatusExecution] 34352468-b085-4729-8d97-bdb72238eaed [2026-09-09T05:34:52.154893] Copy [/tmp/buildpacks/336fb825d4d72bff/dependencies/e4fe26756e9984a665478d350474fa2e/yarn_1.22.22_linux_noarch_any-stack_b6132b86.tgz] (STDOUT, STG)#
#2026 09 09 05:34:53.258#Z#DEBUG#125301ff-ac10-11f1-b39f-eeee0a9ef9bb.Insurance_claim_management-db-deployer#flowable-async-job-executor-thread-15337#
[PollStageAppStatusExecution] 34352468-b085-4729-8d97-bdb72238eaed [2026-09-09T05:34:52.519567] Installed yarn 1.22.22 (STDOUT, STG)#
#2026 09 09 05:34:53.258#Z#DEBUG#125301ff-ac10-11f1-b39f-eeee0a9ef9bb.Insurance_claim_management-db-deployer#flowable-async-job-executor-thread-15337#
[PollStageAppStatusExecution] 34352468-b085-4729-8d97-bdb72238eaed [2026-09-09T05:34:52.519606] -----> Creating runtime environment (STDOUT, STG)#
#2026 09 09 05:34:53.258#Z#DEBUG#125301ff-ac10-11f1-b39f-eeee0a9ef9bb.Insurance_claim_management-db-deployer#flowable-async-job-executor-thread-15337#
[PollStageAppStatusExecution] 34352468-b085-4729-8d97-bdb72238eaed [2026-09-09T05:34:52.521418] NODE_ENV=production (STDOUT, STG)#
#2026 09 09 05:34:53.258#Z#DEBUG#125301ff-ac10-11f1-b39f-eeee0a9ef9bb.Insurance_claim_management-db-deployer#flowable-async-job-executor-thread-15337#
[PollStageAppStatusExecution] 34352468-b085-4729-8d97-bdb72238eaed [2026-09-09T05:34:52.521547] NODE_HOME=/tmp/contents1562275264/deps/0/node (STDOUT, STG)#
#2026 09 09 05:34:53.258#Z#DEBUG#125301ff-ac10-11f1-b39f-eeee0a9ef9bb.Insurance_claim_management-db-deployer#flowable-async-job-executor-thread-15337#
[PollStageAppStatusExecution] 34352468-b085-4729-8d97-bdb72238eaed [2026-09-09T05:34:52.521580] NODE_MODULES_CACHE=true (STDOUT, STG)#
#2026 09 09 05:34:53.258#Z#DEBUG#125301ff-ac10-11f1-b39f-eeee0a9ef9bb.Insurance_claim_management-db-deployer#flowable-async-job-executor-thread-15337#
[PollStageAppStatusExecution] 34352468-b085-4729-8d97-bdb72238eaed [2026-09-09T05:34:52.521582] NODE_VERBOSE=false (STDOUT, STG)#
#2026 09 09 05:34:53.258#Z#DEBUG#125301ff-ac10-11f1-b39f-eeee0a9ef9bb.Insurance_claim_management-db-deployer#flowable-async-job-executor-thread-15337#
[PollStageAppStatusExecution] 34352468-b085-4729-8d97-bdb72238eaed [2026-09-09T05:34:52.521585] NPM_CONFIG_LOGLEVEL=error (STDOUT, STG)#
#2026 09 09 05:34:53.258#Z#DEBUG#125301ff-ac10-11f1-b39f-eeee0a9ef9bb.Insurance_claim_management-db-deployer#flowable-async-job-executor-thread-15337#
[PollStageAppStatusExecution] 34352468-b085-4729-8d97-bdb72238eaed [2026-09-09T05:34:52.521592] NPM_CONFIG_PRODUCTION=true (STDOUT, STG)#
#2026 09 09 05:34:53.258#Z#DEBUG#125301ff-ac10-11f1-b39f-eeee0a9ef9bb.Insurance_claim_management-db-deployer#flowable-async-job-executor-thread-15337#
[PollStageAppStatusExecution] 34352468-b085-4729-8d97-bdb72238eaed [2026-09-09T05:34:52.521596] -----> Building dependencies (STDOUT, STG)#
#2026 09 09 05:34:53.258#Z#DEBUG#125301ff-ac10-11f1-b39f-eeee0a9ef9bb.Insurance_claim_management-db-deployer#flowable-async-job-executor-thread-15337#
[PollStageAppStatusExecution] 34352468-b085-4729-8d97-bdb72238eaed [2026-09-09T05:34:52.521598] Prebuild detected (node_modules already exists) (STDOUT, STG)#
#2026 09 09 05:34:53.258#Z#DEBUG#125301ff-ac10-11f1-b39f-eeee0a9ef9bb.Insurance_claim_management-db-deployer#flowable-async-job-executor-thread-15337#
[PollStageAppStatusExecution] 34352468-b085-4729-8d97-bdb72238eaed [2026-09-09T05:34:52.521601] Rebuilding any native modules (STDOUT, STG)#
#2026 09 09 05:35:03.283#Z#DEBUG#125301ff-ac10-11f1-b39f-eeee0a9ef9bb.Insurance_claim_management-db-deployer#flowable-async-job-executor-thread-15343#
[PollStageAppStatusExecution] 34352468-b085-4729-8d97-bdb72238eaed [2026-09-09T05:34:53.101532] rebuilt dependencies successfully (STDOUT, STG)#
#2026 09 09 05:35:03.283#Z#DEBUG#125301ff-ac10-11f1-b39f-eeee0a9ef9bb.Insurance_claim_management-db-deployer#flowable-async-job-executor-thread-15343#
[PollStageAppStatusExecution] 34352468-b085-4729-8d97-bdb72238eaed [2026-09-09T05:34:53.168370] Installing any new modules (package.json + package-lock.json) (STDOUT, STG)#
#2026 09 09 05:35:03.283#Z#DEBUG#125301ff-ac10-11f1-b39f-eeee0a9ef9bb.Insurance_claim_management-db-deployer#flowable-async-job-executor-thread-15343#
[PollStageAppStatusExecution] 34352468-b085-4729-8d97-bdb72238eaed [2026-09-09T05:34:53.664181] up to date in 406ms (STDOUT, STG)#
#2026 09 09 05:35:03.283#Z#DEBUG#125301ff-ac10-11f1-b39f-eeee0a9ef9bb.Insurance_claim_management-db-deployer#flowable-async-job-executor-thread-15343#
[PollStageAppStatusExecution] 34352468-b085-4729-8d97-bdb72238eaed [2026-09-09T05:34:53.664546] 4 packages are looking for funding (STDOUT, STG)#
#2026 09 09 05:35:03.283#Z#DEBUG#125301ff-ac10-11f1-b39f-eeee0a9ef9bb.Insurance_claim_management-db-deployer#flowable-async-job-executor-thread-15343#
[PollStageAppStatusExecution] 34352468-b085-4729-8d97-bdb72238eaed [2026-09-09T05:34:53.664606] run `npm fund` for details (STDOUT, STG)#
#2026 09 09 05:35:03.283#Z#DEBUG#125301ff-ac10-11f1-b39f-eeee0a9ef9bb.Insurance_claim_management-db-deployer#flowable-async-job-executor-thread-15343#
[PollStageAppStatusExecution] 34352468-b085-4729-8d97-bdb72238eaed [2026-09-09T05:34:54.280316] Contrast Security no credentials found. Will not write environment files. (STDOUT, STG)#
#2026 09 09 05:35:13.288#Z#DEBUG#125301ff-ac10-11f1-b39f-eeee0a9ef9bb.Insurance_claim_management-db-deployer#flowable-async-job-executor-thread-15350#
[PollStageAppStatusExecution] 34352468-b085-4729-8d97-bdb72238eaed [2026-09-09T05:35:03.132487] Exit status 0 (STDOUT, STG)#
#2026 09 09 05:35:13.288#Z#DEBUG#125301ff-ac10-11f1-b39f-eeee0a9ef9bb.Insurance_claim_management-db-deployer#flowable-async-job-executor-thread-15350#
[PollStageAppStatusExecution] 34352468-b085-4729-8d97-bdb72238eaed [2026-09-09T05:35:03.132555] Uploading droplet, build artifacts cache... (STDOUT, STG)#
#2026 09 09 05:35:13.288#Z#DEBUG#125301ff-ac10-11f1-b39f-eeee0a9ef9bb.Insurance_claim_management-db-deployer#flowable-async-job-executor-thread-15350#
[PollStageAppStatusExecution] 34352468-b085-4729-8d97-bdb72238eaed [2026-09-09T05:35:03.132592] Uploading droplet... (STDOUT, STG)#
#2026 09 09 05:35:13.288#Z#DEBUG#125301ff-ac10-11f1-b39f-eeee0a9ef9bb.Insurance_claim_management-db-deployer#flowable-async-job-executor-thread-15350#
[PollStageAppStatusExecution] 34352468-b085-4729-8d97-bdb72238eaed [2026-09-09T05:35:03.132685] Uploading build artifacts cache... (STDOUT, STG)#
#2026 09 09 05:35:13.288#Z#DEBUG#125301ff-ac10-11f1-b39f-eeee0a9ef9bb.Insurance_claim_management-db-deployer#flowable-async-job-executor-thread-15350#
[PollStageAppStatusExecution] 34352468-b085-4729-8d97-bdb72238eaed [2026-09-09T05:35:03.167271] Uploaded build artifacts cache (226B) (STDOUT, STG)#
#2026 09 09 05:35:13.288#Z#DEBUG#125301ff-ac10-11f1-b39f-eeee0a9ef9bb.Insurance_claim_management-db-deployer#flowable-async-job-executor-thread-15350#
[PollStageAppStatusExecution] 34352468-b085-4729-8d97-bdb72238eaed [2026-09-09T05:35:03.724550] Creating droplet for app with guid 34352468-b085-4729-8d97-bdb72238eaed (STDOUT, API)#
#2026 09 09 05:35:13.288#Z#DEBUG#125301ff-ac10-11f1-b39f-eeee0a9ef9bb.Insurance_claim_management-db-deployer#flowable-async-job-executor-thread-15350#
[PollStageAppStatusExecution] 34352468-b085-4729-8d97-bdb72238eaed [2026-09-09T05:35:07.795379] Uploaded droplet (59.2M) (STDOUT, STG)#
#2026 09 09 05:35:13.288#Z#DEBUG#125301ff-ac10-11f1-b39f-eeee0a9ef9bb.Insurance_claim_management-db-deployer#flowable-async-job-executor-thread-15350#
[PollStageAppStatusExecution] 34352468-b085-4729-8d97-bdb72238eaed [2026-09-09T05:35:07.818189] Uploading complete (STDOUT, STG)#
#2026 09 09 05:35:13.288#Z#DEBUG#125301ff-ac10-11f1-b39f-eeee0a9ef9bb.Insurance_claim_management-db-deployer#flowable-async-job-executor-thread-15350#
[PollStageAppStatusExecution] 34352468-b085-4729-8d97-bdb72238eaed [2026-09-09T05:35:08.634367] Cell 684caff8-89cd-492b-be01-b3d0835f1763 stopping instance c456cf06-9d96-4fd8-855b-59237472148c (STDOUT, STG)#
#2026 09 09 05:35:13.288#Z#DEBUG#125301ff-ac10-11f1-b39f-eeee0a9ef9bb.Insurance_claim_management-db-deployer#flowable-async-job-executor-thread-15350#
[PollStageAppStatusExecution] 34352468-b085-4729-8d97-bdb72238eaed [2026-09-09T05:35:08.634414] Cell 684caff8-89cd-492b-be01-b3d0835f1763 destroying container for instance c456cf06-9d96-4fd8-855b-59237472148c (STDOUT, STG)#
#2026 09 09 05:35:13.288#Z#DEBUG#125301ff-ac10-11f1-b39f-eeee0a9ef9bb.Insurance_claim_management-db-deployer#flowable-async-job-executor-thread-15350#
[PollStageAppStatusExecution] 34352468-b085-4729-8d97-bdb72238eaed [2026-09-09T05:35:08.681830] Staging complete for build c456cf06-9d96-4fd8-855b-59237472148c (STDOUT, API)#
#2026 09 09 05:35:13.288#Z#DEBUG#125301ff-ac10-11f1-b39f-eeee0a9ef9bb.Insurance_claim_management-db-deployer#flowable-async-job-executor-thread-15350#
[PollStageAppStatusExecution] 34352468-b085-4729-8d97-bdb72238eaed [2026-09-09T05:35:10.942488] Cell 684caff8-89cd-492b-be01-b3d0835f1763 successfully destroyed container for instance c456cf06-9d96-4fd8-855b-59237472148c (STDOUT, STG)#
#2026 09 09 05:35:23.401#Z#DEBUG#125301ff-ac10-11f1-b39f-eeee0a9ef9bb.Insurance_claim_management-db-deployer#flowable-async-job-executor-thread-9343#
[PollExecuteTaskStatusExecution] 34352468-b085-4729-8d97-bdb72238eaed [2026-09-09T05:34:24.158856] Updated app with guid 34352468-b085-4729-8d97-bdb72238eaed ({"lifecycle"=>{"data"=>{"buildpacks"=>["nodejs_buildpack"]}, "type"=>"buildpack"}}) (STDOUT, API)#
#2026 09 09 05:35:23.401#Z#DEBUG#125301ff-ac10-11f1-b39f-eeee0a9ef9bb.Insurance_claim_management-db-deployer#flowable-async-job-executor-thread-9343#
[PollExecuteTaskStatusExecution] 34352468-b085-4729-8d97-bdb72238eaed [2026-09-09T05:34:24.256708] Updating process: "web" (STDOUT, API)#
#2026 09 09 05:35:23.401#Z#DEBUG#125301ff-ac10-11f1-b39f-eeee0a9ef9bb.Insurance_claim_management-db-deployer#flowable-async-job-executor-thread-9343#
[PollExecuteTaskStatusExecution] 34352468-b085-4729-8d97-bdb72238eaed [2026-09-09T05:34:33.421995] Uploading app package for app with guid 34352468-b085-4729-8d97-bdb72238eaed (STDOUT, API)#
#2026 09 09 05:35:23.401#Z#DEBUG#125301ff-ac10-11f1-b39f-eeee0a9ef9bb.Insurance_claim_management-db-deployer#flowable-async-job-executor-thread-9343#
[PollExecuteTaskStatusExecution] 34352468-b085-4729-8d97-bdb72238eaed [2026-09-09T05:34:33.596652] Updated app with guid 34352468-b085-4729-8d97-bdb72238eaed ({"environment_variables"=>"[PRIVATE DATA HIDDEN]"}) (STDOUT, API)#
#2026 09 09 05:35:23.401#Z#DEBUG#125301ff-ac10-11f1-b39f-eeee0a9ef9bb.Insurance_claim_management-db-deployer#flowable-async-job-executor-thread-9343#
[PollExecuteTaskStatusExecution] 34352468-b085-4729-8d97-bdb72238eaed [2026-09-09T05:34:43.465807] Creating build for app with guid 34352468-b085-4729-8d97-bdb72238eaed (STDOUT, API)#
#2026 09 09 05:35:23.401#Z#DEBUG#125301ff-ac10-11f1-b39f-eeee0a9ef9bb.Insurance_claim_management-db-deployer#flowable-async-job-executor-thread-9343#
[PollExecuteTaskStatusExecution] 34352468-b085-4729-8d97-bdb72238eaed [2026-09-09T05:34:43.862198] Downloading nodejs_buildpack... (STDOUT, STG)#
#2026 09 09 05:35:23.401#Z#DEBUG#125301ff-ac10-11f1-b39f-eeee0a9ef9bb.Insurance_claim_management-db-deployer#flowable-async-job-executor-thread-9343#
[PollExecuteTaskStatusExecution] 34352468-b085-4729-8d97-bdb72238eaed [2026-09-09T05:34:43.905019] Downloaded nodejs_buildpack (STDOUT, STG)#
#2026 09 09 05:35:23.401#Z#DEBUG#125301ff-ac10-11f1-b39f-eeee0a9ef9bb.Insurance_claim_management-db-deployer#flowable-async-job-executor-thread-9343#
[PollExecuteTaskStatusExecution] 34352468-b085-4729-8d97-bdb72238eaed [2026-09-09T05:34:43.905142] Cell 684caff8-89cd-492b-be01-b3d0835f1763 creating container for instance c456cf06-9d96-4fd8-855b-59237472148c (STDOUT, STG)#
#2026 09 09 05:35:23.401#Z#DEBUG#125301ff-ac10-11f1-b39f-eeee0a9ef9bb.Insurance_claim_management-db-deployer#flowable-async-job-executor-thread-9343#
[PollExecuteTaskStatusExecution] 34352468-b085-4729-8d97-bdb72238eaed [2026-09-09T05:34:44.513623] Security group rules were updated (STDOUT, STG)#
#2026 09 09 05:35:23.401#Z#DEBUG#125301ff-ac10-11f1-b39f-eeee0a9ef9bb.Insurance_claim_management-db-deployer#flowable-async-job-executor-thread-9343#
[PollExecuteTaskStatusExecution] 34352468-b085-4729-8d97-bdb72238eaed [2026-09-09T05:34:44.599801] Cell 684caff8-89cd-492b-be01-b3d0835f1763 successfully created container for instance c456cf06-9d96-4fd8-855b-59237472148c (STDOUT, STG)#
#2026 09 09 05:35:23.401#Z#DEBUG#125301ff-ac10-11f1-b39f-eeee0a9ef9bb.Insurance_claim_management-db-deployer#flowable-async-job-executor-thread-9343#
[PollExecuteTaskStatusExecution] 34352468-b085-4729-8d97-bdb72238eaed [2026-09-09T05:34:45.066014] Downloading app package... (STDOUT, STG)#
#2026 09 09 05:35:23.401#Z#DEBUG#125301ff-ac10-11f1-b39f-eeee0a9ef9bb.Insurance_claim_management-db-deployer#flowable-async-job-executor-thread-9343#
[PollExecuteTaskStatusExecution] 34352468-b085-4729-8d97-bdb72238eaed [2026-09-09T05:34:45.066020] Downloading build artifacts cache... (STDOUT, STG)#
#2026 09 09 05:35:23.401#Z#DEBUG#125301ff-ac10-11f1-b39f-eeee0a9ef9bb.Insurance_claim_management-db-deployer#flowable-async-job-executor-thread-9343#
[PollExecuteTaskStatusExecution] 34352468-b085-4729-8d97-bdb72238eaed [2026-09-09T05:34:45.129602] Downloaded build artifacts cache (223B) (STDOUT, STG)#
#2026 09 09 05:35:23.401#Z#DEBUG#125301ff-ac10-11f1-b39f-eeee0a9ef9bb.Insurance_claim_management-db-deployer#flowable-async-job-executor-thread-9343#
[PollExecuteTaskStatusExecution] 34352468-b085-4729-8d97-bdb72238eaed [2026-09-09T05:34:45.328542] Downloaded app package (2.3M) (STDOUT, STG)#
#2026 09 09 05:35:23.401#Z#DEBUG#125301ff-ac10-11f1-b39f-eeee0a9ef9bb.Insurance_claim_management-db-deployer#flowable-async-job-executor-thread-9343#
[PollExecuteTaskStatusExecution] 34352468-b085-4729-8d97-bdb72238eaed [2026-09-09T05:34:45.425648] -----> Nodejs Buildpack version 1.9.3 (STDOUT, STG)#
#2026 09 09 05:35:23.401#Z#DEBUG#125301ff-ac10-11f1-b39f-eeee0a9ef9bb.Insurance_claim_management-db-deployer#flowable-async-job-executor-thread-9343#
[PollExecuteTaskStatusExecution] 34352468-b085-4729-8d97-bdb72238eaed [2026-09-09T05:34:45.541372] -----> Bootstrapping python (STDOUT, STG)#
#2026 09 09 05:35:23.401#Z#DEBUG#125301ff-ac10-11f1-b39f-eeee0a9ef9bb.Insurance_claim_management-db-deployer#flowable-async-job-executor-thread-9343#
[PollExecuteTaskStatusExecution] 34352468-b085-4729-8d97-bdb72238eaed [2026-09-09T05:34:45.541418] -----> Installing python 3.13.14 (STDOUT, STG)#
#2026 09 09 05:35:23.401#Z#DEBUG#125301ff-ac10-11f1-b39f-eeee0a9ef9bb.Insurance_claim_management-db-deployer#flowable-async-job-executor-thread-9343#
[PollExecuteTaskStatusExecution] 34352468-b085-4729-8d97-bdb72238eaed [2026-09-09T05:34:45.541702] Copy [/tmp/buildpacks/336fb825d4d72bff/dependencies/4b4266a2ff36730aef37b88b668ca327/python_3.13.14_linux_x64_cflinuxfs4_b80d4954.tgz] (STDOUT, STG)#
#2026 09 09 05:35:23.401#Z#DEBUG#125301ff-ac10-11f1-b39f-eeee0a9ef9bb.Insurance_claim_management-db-deployer#flowable-async-job-executor-thread-9343#
[PollExecuteTaskStatusExecution] 34352468-b085-4729-8d97-bdb72238eaed [2026-09-09T05:34:49.681912] -----> Installing binaries (STDOUT, STG)#
#2026 09 09 05:35:23.401#Z#DEBUG#125301ff-ac10-11f1-b39f-eeee0a9ef9bb.Insurance_claim_management-db-deployer#flowable-async-job-executor-thread-9343#
[PollExecuteTaskStatusExecution] 34352468-b085-4729-8d97-bdb72238eaed [2026-09-09T05:34:49.682212] engines.node (package.json): >=18 (STDOUT, STG)#
#2026 09 09 05:35:23.401#Z#DEBUG#125301ff-ac10-11f1-b39f-eeee0a9ef9bb.Insurance_claim_management-db-deployer#flowable-async-job-executor-thread-9343#
[PollExecuteTaskStatusExecution] 34352468-b085-4729-8d97-bdb72238eaed [2026-09-09T05:34:49.682267] engines.npm (package.json): unspecified (use default) (STDOUT, STG)#
#2026 09 09 05:35:23.401#Z#DEBUG#125301ff-ac10-11f1-b39f-eeee0a9ef9bb.Insurance_claim_management-db-deployer#flowable-async-job-executor-thread-9343#
[PollExecuteTaskStatusExecution] 34352468-b085-4729-8d97-bdb72238eaed [2026-09-09T05:34:49.682386] [31;1m**WARNING**[0m Dangerous semver range (>) in engines.node. See: http://docs.cloudfoundry.org/buildpacks/node/node-tips.html (STDOUT, STG)#
#2026 09 09 05:35:23.401#Z#DEBUG#125301ff-ac10-11f1-b39f-eeee0a9ef9bb.Insurance_claim_management-db-deployer#flowable-async-job-executor-thread-9343#
[PollExecuteTaskStatusExecution] 34352468-b085-4729-8d97-bdb72238eaed [2026-09-09T05:34:49.682543] -----> Installing node 24.18.0 (STDOUT, STG)#
#2026 09 09 05:35:23.401#Z#DEBUG#125301ff-ac10-11f1-b39f-eeee0a9ef9bb.Insurance_claim_management-db-deployer#flowable-async-job-executor-thread-9343#
[PollExecuteTaskStatusExecution] 34352468-b085-4729-8d97-bdb72238eaed [2026-09-09T05:34:49.682765] Copy [/tmp/buildpacks/336fb825d4d72bff/dependencies/dffbbb835fcd073c4544f78eb6247fac/node_24.18.0_linux_x64_cflinuxfs4_cdfed650.tgz] (STDOUT, STG)#
#2026 09 09 05:35:23.401#Z#DEBUG#125301ff-ac10-11f1-b39f-eeee0a9ef9bb.Insurance_claim_management-db-deployer#flowable-async-job-executor-thread-9343#
[PollExecuteTaskStatusExecution] 34352468-b085-4729-8d97-bdb72238eaed [2026-09-09T05:34:52.154694] Using default npm version: 11.16.0 (STDOUT, STG)#
#2026 09 09 05:35:23.401#Z#DEBUG#125301ff-ac10-11f1-b39f-eeee0a9ef9bb.Insurance_claim_management-db-deployer#flowable-async-job-executor-thread-9343#
[PollExecuteTaskStatusExecution] 34352468-b085-4729-8d97-bdb72238eaed [2026-09-09T05:34:52.154724] -----> Installing yarn 1.22.22 (STDOUT, STG)#
#2026 09 09 05:35:23.401#Z#DEBUG#125301ff-ac10-11f1-b39f-eeee0a9ef9bb.Insurance_claim_management-db-deployer#flowable-async-job-executor-thread-9343#
[PollExecuteTaskStatusExecution] 34352468-b085-4729-8d97-bdb72238eaed [2026-09-09T05:34:52.154893] Copy [/tmp/buildpacks/336fb825d4d72bff/dependencies/e4fe26756e9984a665478d350474fa2e/yarn_1.22.22_linux_noarch_any-stack_b6132b86.tgz] (STDOUT, STG)#
#2026 09 09 05:35:23.401#Z#DEBUG#125301ff-ac10-11f1-b39f-eeee0a9ef9bb.Insurance_claim_management-db-deployer#flowable-async-job-executor-thread-9343#
[PollExecuteTaskStatusExecution] 34352468-b085-4729-8d97-bdb72238eaed [2026-09-09T05:34:52.519567] Installed yarn 1.22.22 (STDOUT, STG)#
#2026 09 09 05:35:23.401#Z#DEBUG#125301ff-ac10-11f1-b39f-eeee0a9ef9bb.Insurance_claim_management-db-deployer#flowable-async-job-executor-thread-9343#
[PollExecuteTaskStatusExecution] 34352468-b085-4729-8d97-bdb72238eaed [2026-09-09T05:34:52.519606] -----> Creating runtime environment (STDOUT, STG)#
#2026 09 09 05:35:23.401#Z#DEBUG#125301ff-ac10-11f1-b39f-eeee0a9ef9bb.Insurance_claim_management-db-deployer#flowable-async-job-executor-thread-9343#
[PollExecuteTaskStatusExecution] 34352468-b085-4729-8d97-bdb72238eaed [2026-09-09T05:34:52.521418] NODE_ENV=production (STDOUT, STG)#
#2026 09 09 05:35:23.401#Z#DEBUG#125301ff-ac10-11f1-b39f-eeee0a9ef9bb.Insurance_claim_management-db-deployer#flowable-async-job-executor-thread-9343#
[PollExecuteTaskStatusExecution] 34352468-b085-4729-8d97-bdb72238eaed [2026-09-09T05:34:52.521547] NODE_HOME=/tmp/contents1562275264/deps/0/node (STDOUT, STG)#
#2026 09 09 05:35:23.401#Z#DEBUG#125301ff-ac10-11f1-b39f-eeee0a9ef9bb.Insurance_claim_management-db-deployer#flowable-async-job-executor-thread-9343#
[PollExecuteTaskStatusExecution] 34352468-b085-4729-8d97-bdb72238eaed [2026-09-09T05:34:52.521580] NODE_MODULES_CACHE=true (STDOUT, STG)#
#2026 09 09 05:35:23.401#Z#DEBUG#125301ff-ac10-11f1-b39f-eeee0a9ef9bb.Insurance_claim_management-db-deployer#flowable-async-job-executor-thread-9343#
[PollExecuteTaskStatusExecution] 34352468-b085-4729-8d97-bdb72238eaed [2026-09-09T05:34:52.521582] NODE_VERBOSE=false (STDOUT, STG)#
#2026 09 09 05:35:23.401#Z#DEBUG#125301ff-ac10-11f1-b39f-eeee0a9ef9bb.Insurance_claim_management-db-deployer#flowable-async-job-executor-thread-9343#
[PollExecuteTaskStatusExecution] 34352468-b085-4729-8d97-bdb72238eaed [2026-09-09T05:34:52.521585] NPM_CONFIG_LOGLEVEL=error (STDOUT, STG)#
#2026 09 09 05:35:23.401#Z#DEBUG#125301ff-ac10-11f1-b39f-eeee0a9ef9bb.Insurance_claim_management-db-deployer#flowable-async-job-executor-thread-9343#
[PollExecuteTaskStatusExecution] 34352468-b085-4729-8d97-bdb72238eaed [2026-09-09T05:34:52.521592] NPM_CONFIG_PRODUCTION=true (STDOUT, STG)#
#2026 09 09 05:35:23.401#Z#DEBUG#125301ff-ac10-11f1-b39f-eeee0a9ef9bb.Insurance_claim_management-db-deployer#flowable-async-job-executor-thread-9343#
[PollExecuteTaskStatusExecution] 34352468-b085-4729-8d97-bdb72238eaed [2026-09-09T05:34:52.521596] -----> Building dependencies (STDOUT, STG)#
#2026 09 09 05:35:23.401#Z#DEBUG#125301ff-ac10-11f1-b39f-eeee0a9ef9bb.Insurance_claim_management-db-deployer#flowable-async-job-executor-thread-9343#
[PollExecuteTaskStatusExecution] 34352468-b085-4729-8d97-bdb72238eaed [2026-09-09T05:34:52.521598] Prebuild detected (node_modules already exists) (STDOUT, STG)#
#2026 09 09 05:35:23.401#Z#DEBUG#125301ff-ac10-11f1-b39f-eeee0a9ef9bb.Insurance_claim_management-db-deployer#flowable-async-job-executor-thread-9343#
[PollExecuteTaskStatusExecution] 34352468-b085-4729-8d97-bdb72238eaed [2026-09-09T05:34:52.521601] Rebuilding any native modules (STDOUT, STG)#
#2026 09 09 05:35:23.401#Z#DEBUG#125301ff-ac10-11f1-b39f-eeee0a9ef9bb.Insurance_claim_management-db-deployer#flowable-async-job-executor-thread-9343#
[PollExecuteTaskStatusExecution] 34352468-b085-4729-8d97-bdb72238eaed [2026-09-09T05:34:53.101532] rebuilt dependencies successfully (STDOUT, STG)#
#2026 09 09 05:35:23.401#Z#DEBUG#125301ff-ac10-11f1-b39f-eeee0a9ef9bb.Insurance_claim_management-db-deployer#flowable-async-job-executor-thread-9343#
[PollExecuteTaskStatusExecution] 34352468-b085-4729-8d97-bdb72238eaed [2026-09-09T05:34:53.168370] Installing any new modules (package.json + package-lock.json) (STDOUT, STG)#
#2026 09 09 05:35:23.401#Z#DEBUG#125301ff-ac10-11f1-b39f-eeee0a9ef9bb.Insurance_claim_management-db-deployer#flowable-async-job-executor-thread-9343#
[PollExecuteTaskStatusExecution] 34352468-b085-4729-8d97-bdb72238eaed [2026-09-09T05:34:53.664181] up to date in 406ms (STDOUT, STG)#
#2026 09 09 05:35:23.401#Z#DEBUG#125301ff-ac10-11f1-b39f-eeee0a9ef9bb.Insurance_claim_management-db-deployer#flowable-async-job-executor-thread-9343#
[PollExecuteTaskStatusExecution] 34352468-b085-4729-8d97-bdb72238eaed [2026-09-09T05:34:53.664546] 4 packages are looking for funding (STDOUT, STG)#
#2026 09 09 05:35:23.401#Z#DEBUG#125301ff-ac10-11f1-b39f-eeee0a9ef9bb.Insurance_claim_management-db-deployer#flowable-async-job-executor-thread-9343#
[PollExecuteTaskStatusExecution] 34352468-b085-4729-8d97-bdb72238eaed [2026-09-09T05:34:53.664606] run `npm fund` for details (STDOUT, STG)#
#2026 09 09 05:35:23.401#Z#DEBUG#125301ff-ac10-11f1-b39f-eeee0a9ef9bb.Insurance_claim_management-db-deployer#flowable-async-job-executor-thread-9343#
[PollExecuteTaskStatusExecution] 34352468-b085-4729-8d97-bdb72238eaed [2026-09-09T05:34:54.280316] Contrast Security no credentials found. Will not write environment files. (STDOUT, STG)#
#2026 09 09 05:35:23.401#Z#DEBUG#125301ff-ac10-11f1-b39f-eeee0a9ef9bb.Insurance_claim_management-db-deployer#flowable-async-job-executor-thread-9343#
[PollExecuteTaskStatusExecution] 34352468-b085-4729-8d97-bdb72238eaed [2026-09-09T05:35:03.132487] Exit status 0 (STDOUT, STG)#
#2026 09 09 05:35:23.401#Z#DEBUG#125301ff-ac10-11f1-b39f-eeee0a9ef9bb.Insurance_claim_management-db-deployer#flowable-async-job-executor-thread-9343#
[PollExecuteTaskStatusExecution] 34352468-b085-4729-8d97-bdb72238eaed [2026-09-09T05:35:03.132555] Uploading droplet, build artifacts cache... (STDOUT, STG)#
#2026 09 09 05:35:23.401#Z#DEBUG#125301ff-ac10-11f1-b39f-eeee0a9ef9bb.Insurance_claim_management-db-deployer#flowable-async-job-executor-thread-9343#
[PollExecuteTaskStatusExecution] 34352468-b085-4729-8d97-bdb72238eaed [2026-09-09T05:35:03.132592] Uploading droplet... (STDOUT, STG)#
#2026 09 09 05:35:23.401#Z#DEBUG#125301ff-ac10-11f1-b39f-eeee0a9ef9bb.Insurance_claim_management-db-deployer#flowable-async-job-executor-thread-9343#
[PollExecuteTaskStatusExecution] 34352468-b085-4729-8d97-bdb72238eaed [2026-09-09T05:35:03.132685] Uploading build artifacts cache... (STDOUT, STG)#
#2026 09 09 05:35:23.401#Z#DEBUG#125301ff-ac10-11f1-b39f-eeee0a9ef9bb.Insurance_claim_management-db-deployer#flowable-async-job-executor-thread-9343#
[PollExecuteTaskStatusExecution] 34352468-b085-4729-8d97-bdb72238eaed [2026-09-09T05:35:03.167271] Uploaded build artifacts cache (226B) (STDOUT, STG)#
#2026 09 09 05:35:23.401#Z#DEBUG#125301ff-ac10-11f1-b39f-eeee0a9ef9bb.Insurance_claim_management-db-deployer#flowable-async-job-executor-thread-9343#
[PollExecuteTaskStatusExecution] 34352468-b085-4729-8d97-bdb72238eaed [2026-09-09T05:35:03.724550] Creating droplet for app with guid 34352468-b085-4729-8d97-bdb72238eaed (STDOUT, API)#
#2026 09 09 05:35:23.401#Z#DEBUG#125301ff-ac10-11f1-b39f-eeee0a9ef9bb.Insurance_claim_management-db-deployer#flowable-async-job-executor-thread-9343#
[PollExecuteTaskStatusExecution] 34352468-b085-4729-8d97-bdb72238eaed [2026-09-09T05:35:07.795379] Uploaded droplet (59.2M) (STDOUT, STG)#
#2026 09 09 05:35:23.401#Z#DEBUG#125301ff-ac10-11f1-b39f-eeee0a9ef9bb.Insurance_claim_management-db-deployer#flowable-async-job-executor-thread-9343#
[PollExecuteTaskStatusExecution] 34352468-b085-4729-8d97-bdb72238eaed [2026-09-09T05:35:07.818189] Uploading complete (STDOUT, STG)#
#2026 09 09 05:35:23.401#Z#DEBUG#125301ff-ac10-11f1-b39f-eeee0a9ef9bb.Insurance_claim_management-db-deployer#flowable-async-job-executor-thread-9343#
[PollExecuteTaskStatusExecution] 34352468-b085-4729-8d97-bdb72238eaed [2026-09-09T05:35:08.634367] Cell 684caff8-89cd-492b-be01-b3d0835f1763 stopping instance c456cf06-9d96-4fd8-855b-59237472148c (STDOUT, STG)#
#2026 09 09 05:35:23.401#Z#DEBUG#125301ff-ac10-11f1-b39f-eeee0a9ef9bb.Insurance_claim_management-db-deployer#flowable-async-job-executor-thread-9343#
[PollExecuteTaskStatusExecution] 34352468-b085-4729-8d97-bdb72238eaed [2026-09-09T05:35:08.634414] Cell 684caff8-89cd-492b-be01-b3d0835f1763 destroying container for instance c456cf06-9d96-4fd8-855b-59237472148c (STDOUT, STG)#
#2026 09 09 05:35:23.401#Z#DEBUG#125301ff-ac10-11f1-b39f-eeee0a9ef9bb.Insurance_claim_management-db-deployer#flowable-async-job-executor-thread-9343#
[PollExecuteTaskStatusExecution] 34352468-b085-4729-8d97-bdb72238eaed [2026-09-09T05:35:08.681830] Staging complete for build c456cf06-9d96-4fd8-855b-59237472148c (STDOUT, API)#
#2026 09 09 05:35:23.401#Z#DEBUG#125301ff-ac10-11f1-b39f-eeee0a9ef9bb.Insurance_claim_management-db-deployer#flowable-async-job-executor-thread-9343#
[PollExecuteTaskStatusExecution] 34352468-b085-4729-8d97-bdb72238eaed [2026-09-09T05:35:10.942488] Cell 684caff8-89cd-492b-be01-b3d0835f1763 successfully destroyed container for instance c456cf06-9d96-4fd8-855b-59237472148c (STDOUT, STG)#
#2026 09 09 05:35:23.401#Z#DEBUG#125301ff-ac10-11f1-b39f-eeee0a9ef9bb.Insurance_claim_management-db-deployer#flowable-async-job-executor-thread-9343#
[PollExecuteTaskStatusExecution] 34352468-b085-4729-8d97-bdb72238eaed [2026-09-09T05:35:13.356958] Updated app with guid 34352468-b085-4729-8d97-bdb72238eaed ({:droplet_guid=>"cf39d108-942e-4d06-bf24-023d03ab5cd7"}) (STDOUT, API)#
#2026 09 09 05:35:23.401#Z#DEBUG#125301ff-ac10-11f1-b39f-eeee0a9ef9bb.Insurance_claim_management-db-deployer#flowable-async-job-executor-thread-9343#
[PollExecuteTaskStatusExecution] 34352468-b085-4729-8d97-bdb72238eaed [2026-09-09T05:35:13.815643] Cell d1cc041a-d5a1-41d6-b9f6-6cda736ce3f0 creating container for instance b7597397-2c9e-48d1-aaa1-360b3c4869f1 (STDOUT, CELL)#
#2026 09 09 05:35:23.401#Z#DEBUG#125301ff-ac10-11f1-b39f-eeee0a9ef9bb.Insurance_claim_management-db-deployer#flowable-async-job-executor-thread-9343#
[PollExecuteTaskStatusExecution] 34352468-b085-4729-8d97-bdb72238eaed [2026-09-09T05:35:14.726964] Security group rules were updated (STDOUT, CELL)#
#2026 09 09 05:35:23.401#Z#DEBUG#125301ff-ac10-11f1-b39f-eeee0a9ef9bb.Insurance_claim_management-db-deployer#flowable-async-job-executor-thread-9343#
[PollExecuteTaskStatusExecution] 34352468-b085-4729-8d97-bdb72238eaed [2026-09-09T05:35:14.996946] Cell d1cc041a-d5a1-41d6-b9f6-6cda736ce3f0 successfully created container for instance b7597397-2c9e-48d1-aaa1-360b3c4869f1 (STDOUT, CELL)#
#2026 09 09 05:35:23.401#Z#DEBUG#125301ff-ac10-11f1-b39f-eeee0a9ef9bb.Insurance_claim_management-db-deployer#flowable-async-job-executor-thread-9343#
[PollExecuteTaskStatusExecution] 34352468-b085-4729-8d97-bdb72238eaed [2026-09-09T05:35:20.580161] Invoking pre-start scripts. (STDOUT, APP/TASK/deploy)#
#2026 09 09 05:35:23.401#Z#DEBUG#125301ff-ac10-11f1-b39f-eeee0a9ef9bb.Insurance_claim_management-db-deployer#flowable-async-job-executor-thread-9343#
[PollExecuteTaskStatusExecution] 34352468-b085-4729-8d97-bdb72238eaed [2026-09-09T05:35:20.802092] Invoking start command. (STDOUT, APP/TASK/deploy)#
#2026 09 09 05:35:23.401#Z#DEBUG#125301ff-ac10-11f1-b39f-eeee0a9ef9bb.Insurance_claim_management-db-deployer#flowable-async-job-executor-thread-9343#
[PollExecuteTaskStatusExecution] 34352468-b085-4729-8d97-bdb72238eaed [2026-09-09T05:35:21.429161] > start (STDOUT, APP/TASK/deploy)#
#2026 09 09 05:35:23.401#Z#DEBUG#125301ff-ac10-11f1-b39f-eeee0a9ef9bb.Insurance_claim_management-db-deployer#flowable-async-job-executor-thread-9343#
[PollExecuteTaskStatusExecution] 34352468-b085-4729-8d97-bdb72238eaed [2026-09-09T05:35:21.429209] > node node_modules/@sap/hdi-deploy/deploy.js --use-hdb --parameter com.sap.hana.di.table/try_fast_table_migration=true (STDOUT, APP/TASK/deploy)#
#2026 09 09 05:35:23.401#Z#DEBUG#125301ff-ac10-11f1-b39f-eeee0a9ef9bb.Insurance_claim_management-db-deployer#flowable-async-job-executor-thread-9343#
[PollExecuteTaskStatusExecution] 34352468-b085-4729-8d97-bdb72238eaed [2026-09-09T05:35:21.618856] VCAP_SERVICES: (STDOUT, APP/TASK/deploy)#
#2026 09 09 05:35:23.401#Z#DEBUG#125301ff-ac10-11f1-b39f-eeee0a9ef9bb.Insurance_claim_management-db-deployer#flowable-async-job-executor-thread-9343#
[PollExecuteTaskStatusExecution] 34352468-b085-4729-8d97-bdb72238eaed [2026-09-09T05:35:21.620153] { (STDOUT, APP/TASK/deploy)#
#2026 09 09 05:35:23.401#Z#DEBUG#125301ff-ac10-11f1-b39f-eeee0a9ef9bb.Insurance_claim_management-db-deployer#flowable-async-job-executor-thread-9343#
[PollExecuteTaskStatusExecution] 34352468-b085-4729-8d97-bdb72238eaed [2026-09-09T05:35:21.620183] "hana": [ (STDOUT, APP/TASK/deploy)#
#2026 09 09 05:35:23.401#Z#DEBUG#125301ff-ac10-11f1-b39f-eeee0a9ef9bb.Insurance_claim_management-db-deployer#flowable-async-job-executor-thread-9343#
[PollExecuteTaskStatusExecution] 34352468-b085-4729-8d97-bdb72238eaed [2026-09-09T05:35:21.620186] { (STDOUT, APP/TASK/deploy)#
#2026 09 09 05:35:23.401#Z#DEBUG#125301ff-ac10-11f1-b39f-eeee0a9ef9bb.Insurance_claim_management-db-deployer#flowable-async-job-executor-thread-9343#
[PollExecuteTaskStatusExecution] 34352468-b085-4729-8d97-bdb72238eaed [2026-09-09T05:35:21.620190] "name": "Insurance_claim_management-db", (STDOUT, APP/TASK/deploy)#
#2026 09 09 05:35:23.401#Z#DEBUG#125301ff-ac10-11f1-b39f-eeee0a9ef9bb.Insurance_claim_management-db-deployer#flowable-async-job-executor-thread-9343#
[PollExecuteTaskStatusExecution] 34352468-b085-4729-8d97-bdb72238eaed [2026-09-09T05:35:21.620195] "label": "hana", (STDOUT, APP/TASK/deploy)#
#2026 09 09 05:35:23.401#Z#DEBUG#125301ff-ac10-11f1-b39f-eeee0a9ef9bb.Insurance_claim_management-db-deployer#flowable-async-job-executor-thread-9343#
[PollExecuteTaskStatusExecution] 34352468-b085-4729-8d97-bdb72238eaed [2026-09-09T05:35:21.620199] "plan": "hdi-shared", (STDOUT, APP/TASK/deploy)#
#2026 09 09 05:35:23.401#Z#DEBUG#125301ff-ac10-11f1-b39f-eeee0a9ef9bb.Insurance_claim_management-db-deployer#flowable-async-job-executor-thread-9343#
[PollExecuteTaskStatusExecution] 34352468-b085-4729-8d97-bdb72238eaed [2026-09-09T05:35:21.620200] "credentials": { (STDOUT, APP/TASK/deploy)#
#2026 09 09 05:35:23.401#Z#DEBUG#125301ff-ac10-11f1-b39f-eeee0a9ef9bb.Insurance_claim_management-db-deployer#flowable-async-job-executor-thread-9343#
[PollExecuteTaskStatusExecution] 34352468-b085-4729-8d97-bdb72238eaed [2026-09-09T05:35:21.620204] "schema": "7A235FC8B8FB49948A4676FBA87E700E", (STDOUT, APP/TASK/deploy)#
#2026 09 09 05:35:23.401#Z#DEBUG#125301ff-ac10-11f1-b39f-eeee0a9ef9bb.Insurance_claim_management-db-deployer#flowable-async-job-executor-thread-9343#
[PollExecuteTaskStatusExecution] 34352468-b085-4729-8d97-bdb72238eaed [2026-09-09T05:35:21.620211] "database_id": "9501111f-b680-4320-8ea6-d5aed2abc8eb", (STDOUT, APP/TASK/deploy)#
#2026 09 09 05:35:23.401#Z#DEBUG#125301ff-ac10-11f1-b39f-eeee0a9ef9bb.Insurance_claim_management-db-deployer#flowable-async-job-executor-thread-9343#
[PollExecuteTaskStatusExecution] 34352468-b085-4729-8d97-bdb72238eaed [2026-09-09T05:35:21.620218] "user": "7A235FC8B8FB49948A4676FBA87E700E_BAN9GD4N0WK2HNVG588X447F8_RT", (STDOUT, APP/TASK/deploy)#
#2026 09 09 05:35:23.401#Z#DEBUG#125301ff-ac10-11f1-b39f-eeee0a9ef9bb.Insurance_claim_management-db-deployer#flowable-async-job-executor-thread-9343#
[PollExecuteTaskStatusExecution] 34352468-b085-4729-8d97-bdb72238eaed [2026-09-09T05:35:21.620222] "hdi_user": "7A235FC8B8FB49948A4676FBA87E700E_BAN9GD4N0WK2HNVG588X447F8_DT" (STDOUT, APP/TASK/deploy)#
#2026 09 09 05:35:23.401#Z#DEBUG#125301ff-ac10-11f1-b39f-eeee0a9ef9bb.Insurance_claim_management-db-deployer#flowable-async-job-executor-thread-9343#
[PollExecuteTaskStatusExecution] 34352468-b085-4729-8d97-bdb72238eaed [2026-09-09T05:35:21.620224] }, (STDOUT, APP/TASK/deploy)#
#2026 09 09 05:35:23.401#Z#DEBUG#125301ff-ac10-11f1-b39f-eeee0a9ef9bb.Insurance_claim_management-db-deployer#flowable-async-job-executor-thread-9343#
[PollExecuteTaskStatusExecution] 34352468-b085-4729-8d97-bdb72238eaed [2026-09-09T05:35:21.620226] "tags": [ (STDOUT, APP/TASK/deploy)#
#2026 09 09 05:35:23.401#Z#DEBUG#125301ff-ac10-11f1-b39f-eeee0a9ef9bb.Insurance_claim_management-db-deployer#flowable-async-job-executor-thread-9343#
[PollExecuteTaskStatusExecution] 34352468-b085-4729-8d97-bdb72238eaed [2026-09-09T05:35:21.620232] "hana", (STDOUT, APP/TASK/deploy)#
#2026 09 09 05:35:23.401#Z#DEBUG#125301ff-ac10-11f1-b39f-eeee0a9ef9bb.Insurance_claim_management-db-deployer#flowable-async-job-executor-thread-9343#
[PollExecuteTaskStatusExecution] 34352468-b085-4729-8d97-bdb72238eaed [2026-09-09T05:35:21.620234] "database", (STDOUT, APP/TASK/deploy)#
#2026 09 09 05:35:23.401#Z#DEBUG#125301ff-ac10-11f1-b39f-eeee0a9ef9bb.Insurance_claim_management-db-deployer#flowable-async-job-executor-thread-9343#
[PollExecuteTaskStatusExecution] 34352468-b085-4729-8d97-bdb72238eaed [2026-09-09T05:35:21.620236] "relational" (STDOUT, APP/TASK/deploy)#
#2026 09 09 05:35:23.401#Z#DEBUG#125301ff-ac10-11f1-b39f-eeee0a9ef9bb.Insurance_claim_management-db-deployer#flowable-async-job-executor-thread-9343#
[PollExecuteTaskStatusExecution] 34352468-b085-4729-8d97-bdb72238eaed [2026-09-09T05:35:21.620238] ] (STDOUT, APP/TASK/deploy)#
#2026 09 09 05:35:23.401#Z#DEBUG#125301ff-ac10-11f1-b39f-eeee0a9ef9bb.Insurance_claim_management-db-deployer#flowable-async-job-executor-thread-9343#
[PollExecuteTaskStatusExecution] 34352468-b085-4729-8d97-bdb72238eaed [2026-09-09T05:35:21.620241] } (STDOUT, APP/TASK/deploy)#
#2026 09 09 05:35:23.401#Z#DEBUG#125301ff-ac10-11f1-b39f-eeee0a9ef9bb.Insurance_claim_management-db-deployer#flowable-async-job-executor-thread-9343#
[PollExecuteTaskStatusExecution] 34352468-b085-4729-8d97-bdb72238eaed [2026-09-09T05:35:21.620244] ] (STDOUT, APP/TASK/deploy)#
#2026 09 09 05:35:23.401#Z#DEBUG#125301ff-ac10-11f1-b39f-eeee0a9ef9bb.Insurance_claim_management-db-deployer#flowable-async-job-executor-thread-9343#
[PollExecuteTaskStatusExecution] 34352468-b085-4729-8d97-bdb72238eaed [2026-09-09T05:35:21.620246] } (STDOUT, APP/TASK/deploy)#
#2026 09 09 05:35:23.401#Z#DEBUG#125301ff-ac10-11f1-b39f-eeee0a9ef9bb.Insurance_claim_management-db-deployer#flowable-async-job-executor-thread-9343#
[PollExecuteTaskStatusExecution] 34352468-b085-4729-8d97-bdb72238eaed [2026-09-09T05:35:22.177680] @sap/hdi-deploy, version 5.7.0 (mode default), server version 4.00.000.00.1780992861 (4.0.0.0), cloud version 2026.2.18, node version 24.18.0, HDI version 1016, container API version 1007 (STDOUT, APP/TASK/deploy)#
#2026 09 09 05:35:23.401#Z#DEBUG#125301ff-ac10-11f1-b39f-eeee0a9ef9bb.Insurance_claim_management-db-deployer#flowable-async-job-executor-thread-9343#
[PollExecuteTaskStatusExecution] 34352468-b085-4729-8d97-bdb72238eaed [2026-09-09T05:35:22.177749] Deployment started at 2026-09-09 05:35:22 (STDOUT, APP/TASK/deploy)#
#2026 09 09 05:35:23.401#Z#DEBUG#125301ff-ac10-11f1-b39f-eeee0a9ef9bb.Insurance_claim_management-db-deployer#flowable-async-job-executor-thread-9343#
[PollExecuteTaskStatusExecution] 34352468-b085-4729-8d97-bdb72238eaed [2026-09-09T05:35:22.177757] Using hdb@2.29.6 for connection (STDOUT, APP/TASK/deploy)#
#2026 09 09 05:35:23.401#Z#DEBUG#125301ff-ac10-11f1-b39f-eeee0a9ef9bb.Insurance_claim_management-db-deployer#flowable-async-job-executor-thread-9343#
[PollExecuteTaskStatusExecution] 34352468-b085-4729-8d97-bdb72238eaed [2026-09-09T05:35:22.199894] No ignore file at /home/vcap/app/.hdiignore. (STDOUT, APP/TASK/deploy)#
#2026 09 09 05:35:23.401#Z#DEBUG#125301ff-ac10-11f1-b39f-eeee0a9ef9bb.Insurance_claim_management-db-deployer#flowable-async-job-executor-thread-9343#
[PollExecuteTaskStatusExecution] 34352468-b085-4729-8d97-bdb72238eaed [2026-09-09T05:35:22.200083] Collecting files... (STDOUT, APP/TASK/deploy)#
#2026 09 09 05:35:23.401#Z#DEBUG#125301ff-ac10-11f1-b39f-eeee0a9ef9bb.Insurance_claim_management-db-deployer#flowable-async-job-executor-thread-9343#
[PollExecuteTaskStatusExecution] 34352468-b085-4729-8d97-bdb72238eaed [2026-09-09T05:35:22.207781] Collecting files... ok (0s 7ms) (STDOUT, APP/TASK/deploy)#
#2026 09 09 05:35:23.401#Z#DEBUG#125301ff-ac10-11f1-b39f-eeee0a9ef9bb.Insurance_claim_management-db-deployer#flowable-async-job-executor-thread-9343#
[PollExecuteTaskStatusExecution] 34352468-b085-4729-8d97-bdb72238eaed [2026-09-09T05:35:22.207822] 3 directories collected (STDOUT, APP/TASK/deploy)#
#2026 09 09 05:35:23.401#Z#DEBUG#125301ff-ac10-11f1-b39f-eeee0a9ef9bb.Insurance_claim_management-db-deployer#flowable-async-job-executor-thread-9343#
[PollExecuteTaskStatusExecution] 34352468-b085-4729-8d97-bdb72238eaed [2026-09-09T05:35:22.207834] 51 files collected (STDOUT, APP/TASK/deploy)#
#2026 09 09 05:35:23.401#Z#DEBUG#125301ff-ac10-11f1-b39f-eeee0a9ef9bb.Insurance_claim_management-db-deployer#flowable-async-job-executor-thread-9343#
[PollExecuteTaskStatusExecution] 34352468-b085-4729-8d97-bdb72238eaed [2026-09-09T05:35:22.207838] 0 reusable modules collected (STDOUT, APP/TASK/deploy)#
#2026 09 09 05:35:23.401#Z#DEBUG#125301ff-ac10-11f1-b39f-eeee0a9ef9bb.Insurance_claim_management-db-deployer#flowable-async-job-executor-thread-9343#
[PollExecuteTaskStatusExecution] 34352468-b085-4729-8d97-bdb72238eaed [2026-09-09T05:35:22.207862] Target service: Insurance_claim_management-db (STDOUT, APP/TASK/deploy)#
#2026 09 09 05:35:23.401#Z#DEBUG#125301ff-ac10-11f1-b39f-eeee0a9ef9bb.Insurance_claim_management-db-deployer#flowable-async-job-executor-thread-9343#
[PollExecuteTaskStatusExecution] 34352468-b085-4729-8d97-bdb72238eaed [2026-09-09T05:35:22.637423] Previous build with request ID 764 finished at 2026-09-08T12:34:53.107 with status Rolled back and message: Starting make in the container "7A235FC8B8FB49948A4676FBA87E700E" with 0 files to deploy, 0 files to undeploy... ok. (STDOUT, APP/TASK/deploy)#
#2026 09 09 05:35:23.401#Z#DEBUG#125301ff-ac10-11f1-b39f-eeee0a9ef9bb.Insurance_claim_management-db-deployer#flowable-async-job-executor-thread-9343#
[PollExecuteTaskStatusExecution] 34352468-b085-4729-8d97-bdb72238eaed [2026-09-09T05:35:22.637568] Processing revoke files... (STDOUT, APP/TASK/deploy)#
#2026 09 09 05:35:23.401#Z#DEBUG#125301ff-ac10-11f1-b39f-eeee0a9ef9bb.Insurance_claim_management-db-deployer#flowable-async-job-executor-thread-9343#
[PollExecuteTaskStatusExecution] 34352468-b085-4729-8d97-bdb72238eaed [2026-09-09T05:35:22.637734] Processing revoke files... ok (0s 0ms) (STDOUT, APP/TASK/deploy)#
#2026 09 09 05:35:23.401#Z#DEBUG#125301ff-ac10-11f1-b39f-eeee0a9ef9bb.Insurance_claim_management-db-deployer#flowable-async-job-executor-thread-9343#
[PollExecuteTaskStatusExecution] 34352468-b085-4729-8d97-bdb72238eaed [2026-09-09T05:35:22.637826] Processing grants files... (STDOUT, APP/TASK/deploy)#
#2026 09 09 05:35:23.401#Z#DEBUG#125301ff-ac10-11f1-b39f-eeee0a9ef9bb.Insurance_claim_management-db-deployer#flowable-async-job-executor-thread-9343#
[PollExecuteTaskStatusExecution] 34352468-b085-4729-8d97-bdb72238eaed [2026-09-09T05:35:22.637941] Processing grants files... ok (0s 0ms) (STDOUT, APP/TASK/deploy)#
#2026 09 09 05:35:23.401#Z#DEBUG#125301ff-ac10-11f1-b39f-eeee0a9ef9bb.Insurance_claim_management-db-deployer#flowable-async-job-executor-thread-9343#
[PollExecuteTaskStatusExecution] 34352468-b085-4729-8d97-bdb72238eaed [2026-09-09T05:35:22.641986] Preprocessing files... (STDOUT, APP/TASK/deploy)#
#2026 09 09 05:35:23.401#Z#DEBUG#125301ff-ac10-11f1-b39f-eeee0a9ef9bb.Insurance_claim_management-db-deployer#flowable-async-job-executor-thread-9343#
[PollExecuteTaskStatusExecution] 34352468-b085-4729-8d97-bdb72238eaed [2026-09-09T05:35:22.642349] Preprocessing files... ok (0s 0ms) (STDOUT, APP/TASK/deploy)#
#2026 09 09 05:35:23.401#Z#DEBUG#125301ff-ac10-11f1-b39f-eeee0a9ef9bb.Insurance_claim_management-db-deployer#flowable-async-job-executor-thread-9343#
[PollExecuteTaskStatusExecution] 34352468-b085-4729-8d97-bdb72238eaed [2026-09-09T05:35:22.642387] Connecting to the container "7A235FC8B8FB49948A4676FBA87E700E"... (STDOUT, APP/TASK/deploy)#
#2026 09 09 05:35:23.401#Z#DEBUG#125301ff-ac10-11f1-b39f-eeee0a9ef9bb.Insurance_claim_management-db-deployer#flowable-async-job-executor-thread-9343#
[PollExecuteTaskStatusExecution] 34352468-b085-4729-8d97-bdb72238eaed [2026-09-09T05:35:22.739608] Connecting to the container "7A235FC8B8FB49948A4676FBA87E700E"... ok (0s 97ms) (STDOUT, APP/TASK/deploy)#
#2026 09 09 05:35:23.401#Z#DEBUG#125301ff-ac10-11f1-b39f-eeee0a9ef9bb.Insurance_claim_management-db-deployer#flowable-async-job-executor-thread-9343#
[PollExecuteTaskStatusExecution] 34352468-b085-4729-8d97-bdb72238eaed [2026-09-09T05:35:22.739643] Locking the container "7A235FC8B8FB49948A4676FBA87E700E"... (STDOUT, APP/TASK/deploy)#
#2026 09 09 05:35:23.401#Z#DEBUG#125301ff-ac10-11f1-b39f-eeee0a9ef9bb.Insurance_claim_management-db-deployer#flowable-async-job-executor-thread-9343#
[PollExecuteTaskStatusExecution] 34352468-b085-4729-8d97-bdb72238eaed [2026-09-09T05:35:23.097901] Locking the container "7A235FC8B8FB49948A4676FBA87E700E"... ok (0s 358ms) (STDOUT, APP/TASK/deploy)#
#2026 09 09 05:35:23.401#Z#DEBUG#125301ff-ac10-11f1-b39f-eeee0a9ef9bb.Insurance_claim_management-db-deployer#flowable-async-job-executor-thread-9343#
[PollExecuteTaskStatusExecution] 34352468-b085-4729-8d97-bdb72238eaed [2026-09-09T05:35:23.097941] Synchronizing files with the container "7A235FC8B8FB49948A4676FBA87E700E"... (STDOUT, APP/TASK/deploy)#
#2026 09 09 05:35:33.357#Z#DEBUG#125301ff-ac10-11f1-b39f-eeee0a9ef9bb.Insurance_claim_management-db-deployer#flowable-async-job-executor-thread-9353#
[PollExecuteTaskStatusExecution] 34352468-b085-4729-8d97-bdb72238eaed [2026-09-09T05:35:24.096065] Deleting files... (STDOUT, APP/TASK/deploy)#
#2026 09 09 05:35:33.357#Z#DEBUG#125301ff-ac10-11f1-b39f-eeee0a9ef9bb.Insurance_claim_management-db-deployer#flowable-async-job-executor-thread-9353#
[PollExecuteTaskStatusExecution] 34352468-b085-4729-8d97-bdb72238eaed [2026-09-09T05:35:24.298790] Deleting files... ok (STDOUT, APP/TASK/deploy)#
#2026 09 09 05:35:33.357#Z#DEBUG#125301ff-ac10-11f1-b39f-eeee0a9ef9bb.Insurance_claim_management-db-deployer#flowable-async-job-executor-thread-9353#
[PollExecuteTaskStatusExecution] 34352468-b085-4729-8d97-bdb72238eaed [2026-09-09T05:35:24.298927] Writing files... (STDOUT, APP/TASK/deploy)#
#2026 09 09 05:35:33.357#Z#DEBUG#125301ff-ac10-11f1-b39f-eeee0a9ef9bb.Insurance_claim_management-db-deployer#flowable-async-job-executor-thread-9353#
[PollExecuteTaskStatusExecution] 34352468-b085-4729-8d97-bdb72238eaed [2026-09-09T05:35:24.299189] Writing 3 items (STDOUT, APP/TASK/deploy)#
#2026 09 09 05:35:33.357#Z#DEBUG#125301ff-ac10-11f1-b39f-eeee0a9ef9bb.Insurance_claim_management-db-deployer#flowable-async-job-executor-thread-9353#
[PollExecuteTaskStatusExecution] 34352468-b085-4729-8d97-bdb72238eaed [2026-09-09T05:35:24.593533] Writing files... ok (STDOUT, APP/TASK/deploy)#
#2026 09 09 05:35:33.357#Z#DEBUG#125301ff-ac10-11f1-b39f-eeee0a9ef9bb.Insurance_claim_management-db-deployer#flowable-async-job-executor-thread-9353#
[PollExecuteTaskStatusExecution] 34352468-b085-4729-8d97-bdb72238eaed [2026-09-09T05:35:24.593561] Synchronizing files with the container "7A235FC8B8FB49948A4676FBA87E700E"... ok (1s 496ms) (STDOUT, APP/TASK/deploy)#
#2026 09 09 05:35:33.357#Z#DEBUG#125301ff-ac10-11f1-b39f-eeee0a9ef9bb.Insurance_claim_management-db-deployer#flowable-async-job-executor-thread-9353#
[PollExecuteTaskStatusExecution] 34352468-b085-4729-8d97-bdb72238eaed [2026-09-09T05:35:24.594157] added files: [] (STDOUT, APP/TASK/deploy)#
#2026 09 09 05:35:33.357#Z#DEBUG#125301ff-ac10-11f1-b39f-eeee0a9ef9bb.Insurance_claim_management-db-deployer#flowable-async-job-executor-thread-9353#
[PollExecuteTaskStatusExecution] 34352468-b085-4729-8d97-bdb72238eaed [2026-09-09T05:35:24.594193] modified files: [] (STDOUT, APP/TASK/deploy)#
#2026 09 09 05:35:33.357#Z#DEBUG#125301ff-ac10-11f1-b39f-eeee0a9ef9bb.Insurance_claim_management-db-deployer#flowable-async-job-executor-thread-9353#
[PollExecuteTaskStatusExecution] 34352468-b085-4729-8d97-bdb72238eaed [2026-09-09T05:35:24.594196] deleted files: [] (STDOUT, APP/TASK/deploy)#
#2026 09 09 05:35:33.357#Z#DEBUG#125301ff-ac10-11f1-b39f-eeee0a9ef9bb.Insurance_claim_management-db-deployer#flowable-async-job-executor-thread-9353#
[PollExecuteTaskStatusExecution] 34352468-b085-4729-8d97-bdb72238eaed [2026-09-09T05:35:24.594374] 0 modified or added files are scheduled for deploy based on delta detection (STDOUT, APP/TASK/deploy)#
#2026 09 09 05:35:33.357#Z#DEBUG#125301ff-ac10-11f1-b39f-eeee0a9ef9bb.Insurance_claim_management-db-deployer#flowable-async-job-executor-thread-9353#
[PollExecuteTaskStatusExecution] 34352468-b085-4729-8d97-bdb72238eaed [2026-09-09T05:35:24.594727] 0 deleted files are scheduled for undeploy based on delta detection (filtered by undeploy allowlist) (STDOUT, APP/TASK/deploy)#
#2026 09 09 05:35:33.357#Z#DEBUG#125301ff-ac10-11f1-b39f-eeee0a9ef9bb.Insurance_claim_management-db-deployer#flowable-async-job-executor-thread-9353#
[PollExecuteTaskStatusExecution] 34352468-b085-4729-8d97-bdb72238eaed [2026-09-09T05:35:24.594852] 0 files are scheduled for deploy based on explicit specification (STDOUT, APP/TASK/deploy)#
#2026 09 09 05:35:33.357#Z#DEBUG#125301ff-ac10-11f1-b39f-eeee0a9ef9bb.Insurance_claim_management-db-deployer#flowable-async-job-executor-thread-9353#
[PollExecuteTaskStatusExecution] 34352468-b085-4729-8d97-bdb72238eaed [2026-09-09T05:35:24.594859] 0 files are scheduled for undeploy based on explicit specification (STDOUT, APP/TASK/deploy)#
#2026 09 09 05:35:33.357#Z#DEBUG#125301ff-ac10-11f1-b39f-eeee0a9ef9bb.Insurance_claim_management-db-deployer#flowable-async-job-executor-thread-9353#
[PollExecuteTaskStatusExecution] 34352468-b085-4729-8d97-bdb72238eaed [2026-09-09T05:35:24.594960] Deploying to the container "7A235FC8B8FB49948A4676FBA87E700E"... (STDOUT, APP/TASK/deploy)#
#2026 09 09 05:35:33.357#Z#DEBUG#125301ff-ac10-11f1-b39f-eeee0a9ef9bb.Insurance_claim_management-db-deployer#flowable-async-job-executor-thread-9353#
[PollExecuteTaskStatusExecution] 34352468-b085-4729-8d97-bdb72238eaed [2026-09-09T05:35:25.228205] Polling messages for request id: 769 (STDOUT, APP/TASK/deploy)#
#2026 09 09 05:35:33.357#Z#DEBUG#125301ff-ac10-11f1-b39f-eeee0a9ef9bb.Insurance_claim_management-db-deployer#flowable-async-job-executor-thread-9353#
[PollExecuteTaskStatusExecution] 34352468-b085-4729-8d97-bdb72238eaed [2026-09-09T05:35:25.273585] Starting make in the container "7A235FC8B8FB49948A4676FBA87E700E" with 0 files to deploy, 0 files to undeploy... (STDOUT, APP/TASK/deploy)#
#2026 09 09 05:35:33.357#Z#DEBUG#125301ff-ac10-11f1-b39f-eeee0a9ef9bb.Insurance_claim_management-db-deployer#flowable-async-job-executor-thread-9353#
[PollExecuteTaskStatusExecution] 34352468-b085-4729-8d97-bdb72238eaed [2026-09-09T05:35:25.274540] Disabling table replication for the container schema "7A235FC8B8FB49948A4676FBA87E700E"... (STDOUT, APP/TASK/deploy)#
#2026 09 09 05:35:33.357#Z#DEBUG#125301ff-ac10-11f1-b39f-eeee0a9ef9bb.Insurance_claim_management-db-deployer#flowable-async-job-executor-thread-9353#
[PollExecuteTaskStatusExecution] 34352468-b085-4729-8d97-bdb72238eaed [2026-09-09T05:35:25.274625] Disabling table replication for the container schema "7A235FC8B8FB49948A4676FBA87E700E"... ok (0s 32ms) (STDOUT, APP/TASK/deploy)#
#2026 09 09 05:35:33.357#Z#DEBUG#125301ff-ac10-11f1-b39f-eeee0a9ef9bb.Insurance_claim_management-db-deployer#flowable-async-job-executor-thread-9353#
[PollExecuteTaskStatusExecution] 34352468-b085-4729-8d97-bdb72238eaed [2026-09-09T05:35:25.274640] Migrating libraries... (STDOUT, APP/TASK/deploy)#
#2026 09 09 05:35:33.357#Z#DEBUG#125301ff-ac10-11f1-b39f-eeee0a9ef9bb.Insurance_claim_management-db-deployer#flowable-async-job-executor-thread-9353#
[PollExecuteTaskStatusExecution] 34352468-b085-4729-8d97-bdb72238eaed [2026-09-09T05:35:27.292742] Migrating libraries... ok (2s 399ms) (STDOUT, APP/TASK/deploy)#
#2026 09 09 05:35:33.357#Z#DEBUG#125301ff-ac10-11f1-b39f-eeee0a9ef9bb.Insurance_claim_management-db-deployer#flowable-async-job-executor-thread-9353#
[PollExecuteTaskStatusExecution] 34352468-b085-4729-8d97-bdb72238eaed [2026-09-09T05:35:27.292772] Making... (STDOUT, APP/TASK/deploy)#
#2026 09 09 05:35:33.357#Z#DEBUG#125301ff-ac10-11f1-b39f-eeee0a9ef9bb.Insurance_claim_management-db-deployer#flowable-async-job-executor-thread-9353#
[PollExecuteTaskStatusExecution] 34352468-b085-4729-8d97-bdb72238eaed [2026-09-09T05:35:28.195135] Preparing... (STDOUT, APP/TASK/deploy)#
#2026 09 09 05:35:33.357#Z#DEBUG#125301ff-ac10-11f1-b39f-eeee0a9ef9bb.Insurance_claim_management-db-deployer#flowable-async-job-executor-thread-9353#
[PollExecuteTaskStatusExecution] 34352468-b085-4729-8d97-bdb72238eaed [2026-09-09T05:35:28.195164] Preparing... ok (0s 0ms) (STDOUT, APP/TASK/deploy)#
#2026 09 09 05:35:33.357#Z#DEBUG#125301ff-ac10-11f1-b39f-eeee0a9ef9bb.Insurance_claim_management-db-deployer#flowable-async-job-executor-thread-9353#
[PollExecuteTaskStatusExecution] 34352468-b085-4729-8d97-bdb72238eaed [2026-09-09T05:35:28.195176] Preparing the make transaction... (STDOUT, APP/TASK/deploy)#
#2026 09 09 05:35:33.357#Z#DEBUG#125301ff-ac10-11f1-b39f-eeee0a9ef9bb.Insurance_claim_management-db-deployer#flowable-async-job-executor-thread-9353#
[PollExecuteTaskStatusExecution] 34352468-b085-4729-8d97-bdb72238eaed [2026-09-09T05:35:28.195189] Preparing the make transaction... ok (0s 560ms) (STDOUT, APP/TASK/deploy)#
#2026 09 09 05:35:33.357#Z#DEBUG#125301ff-ac10-11f1-b39f-eeee0a9ef9bb.Insurance_claim_management-db-deployer#flowable-async-job-executor-thread-9353#
[PollExecuteTaskStatusExecution] 34352468-b085-4729-8d97-bdb72238eaed [2026-09-09T05:35:28.195191] Calculating dependencies... (STDOUT, APP/TASK/deploy)#
#2026 09 09 05:35:33.357#Z#DEBUG#125301ff-ac10-11f1-b39f-eeee0a9ef9bb.Insurance_claim_management-db-deployer#flowable-async-job-executor-thread-9353#
[PollExecuteTaskStatusExecution] 34352468-b085-4729-8d97-bdb72238eaed [2026-09-09T05:35:28.195199] Expanding... (STDOUT, APP/TASK/deploy)#
#2026 09 09 05:35:33.357#Z#DEBUG#125301ff-ac10-11f1-b39f-eeee0a9ef9bb.Insurance_claim_management-db-deployer#flowable-async-job-executor-thread-9353#
[PollExecuteTaskStatusExecution] 34352468-b085-4729-8d97-bdb72238eaed [2026-09-09T05:35:28.195259] Expanding... ok (0s 171ms) (STDOUT, APP/TASK/deploy)#
#2026 09 09 05:35:33.357#Z#DEBUG#125301ff-ac10-11f1-b39f-eeee0a9ef9bb.Insurance_claim_management-db-deployer#flowable-async-job-executor-thread-9353#
[PollExecuteTaskStatusExecution] 34352468-b085-4729-8d97-bdb72238eaed [2026-09-09T05:35:28.195279] Precompiling... (STDOUT, APP/TASK/deploy)#
#2026 09 09 05:35:33.357#Z#DEBUG#125301ff-ac10-11f1-b39f-eeee0a9ef9bb.Insurance_claim_management-db-deployer#flowable-async-job-executor-thread-9353#
[PollExecuteTaskStatusExecution] 34352468-b085-4729-8d97-bdb72238eaed [2026-09-09T05:35:28.195281] Precompiling... ok (0s 0ms) (STDOUT, APP/TASK/deploy)#
#2026 09 09 05:35:33.357#Z#DEBUG#125301ff-ac10-11f1-b39f-eeee0a9ef9bb.Insurance_claim_management-db-deployer#flowable-async-job-executor-thread-9353#
[PollExecuteTaskStatusExecution] 34352468-b085-4729-8d97-bdb72238eaed [2026-09-09T05:35:28.195297] Merging... (STDOUT, APP/TASK/deploy)#
#2026 09 09 05:35:33.357#Z#DEBUG#125301ff-ac10-11f1-b39f-eeee0a9ef9bb.Insurance_claim_management-db-deployer#flowable-async-job-executor-thread-9353#
[PollExecuteTaskStatusExecution] 34352468-b085-4729-8d97-bdb72238eaed [2026-09-09T05:35:28.195300] Merging... ok (0s 0ms) (STDOUT, APP/TASK/deploy)#
#2026 09 09 05:35:33.357#Z#DEBUG#125301ff-ac10-11f1-b39f-eeee0a9ef9bb.Insurance_claim_management-db-deployer#flowable-async-job-executor-thread-9353#
[PollExecuteTaskStatusExecution] 34352468-b085-4729-8d97-bdb72238eaed [2026-09-09T05:35:28.195338] Calculating dependencies... ok (0s 171ms) (STDOUT, APP/TASK/deploy)#
#2026 09 09 05:35:33.357#Z#DEBUG#125301ff-ac10-11f1-b39f-eeee0a9ef9bb.Insurance_claim_management-db-deployer#flowable-async-job-executor-thread-9353#
[PollExecuteTaskStatusExecution] 34352468-b085-4729-8d97-bdb72238eaed [2026-09-09T05:35:28.195341] No make necessary (STDOUT, APP/TASK/deploy)#
#2026 09 09 05:35:33.357#Z#DEBUG#125301ff-ac10-11f1-b39f-eeee0a9ef9bb.Insurance_claim_management-db-deployer#flowable-async-job-executor-thread-9353#
[PollExecuteTaskStatusExecution] 34352468-b085-4729-8d97-bdb72238eaed [2026-09-09T05:35:28.195344] Making... ok (0s 883ms) (STDOUT, APP/TASK/deploy)#
#2026 09 09 05:35:33.357#Z#DEBUG#125301ff-ac10-11f1-b39f-eeee0a9ef9bb.Insurance_claim_management-db-deployer#flowable-async-job-executor-thread-9353#
[PollExecuteTaskStatusExecution] 34352468-b085-4729-8d97-bdb72238eaed [2026-09-09T05:35:28.195364] Enabling table replication for the container schema "7A235FC8B8FB49948A4676FBA87E700E"... (STDOUT, APP/TASK/deploy)#
#2026 09 09 05:35:33.357#Z#DEBUG#125301ff-ac10-11f1-b39f-eeee0a9ef9bb.Insurance_claim_management-db-deployer#flowable-async-job-executor-thread-9353#
[PollExecuteTaskStatusExecution] 34352468-b085-4729-8d97-bdb72238eaed [2026-09-09T05:35:28.195373] Enabling table replication for the container schema "7A235FC8B8FB49948A4676FBA87E700E"... ok (0s 16ms) (STDOUT, APP/TASK/deploy)#
#2026 09 09 05:35:33.357#Z#DEBUG#125301ff-ac10-11f1-b39f-eeee0a9ef9bb.Insurance_claim_management-db-deployer#flowable-async-job-executor-thread-9353#
[PollExecuteTaskStatusExecution] 34352468-b085-4729-8d97-bdb72238eaed [2026-09-09T05:35:28.195447] Starting make in the container "7A235FC8B8FB49948A4676FBA87E700E" with 0 files to deploy, 0 files to undeploy... ok (3s 344ms) (STDOUT, APP/TASK/deploy)#
#2026 09 09 05:35:33.357#Z#DEBUG#125301ff-ac10-11f1-b39f-eeee0a9ef9bb.Insurance_claim_management-db-deployer#flowable-async-job-executor-thread-9353#
[PollExecuteTaskStatusExecution] 34352468-b085-4729-8d97-bdb72238eaed [2026-09-09T05:35:28.195610] Deploying to the container "7A235FC8B8FB49948A4676FBA87E700E"... ok (3s 601ms) (STDOUT, APP/TASK/deploy)#
#2026 09 09 05:35:33.357#Z#DEBUG#125301ff-ac10-11f1-b39f-eeee0a9ef9bb.Insurance_claim_management-db-deployer#flowable-async-job-executor-thread-9353#
[PollExecuteTaskStatusExecution] 34352468-b085-4729-8d97-bdb72238eaed [2026-09-09T05:35:28.196013] No default-access-role handling needed; global role "7A235FC8B8FB49948A4676FBA87E700E::access_role" will not be adapted (STDOUT, APP/TASK/deploy)#
#2026 09 09 05:35:33.357#Z#DEBUG#125301ff-ac10-11f1-b39f-eeee0a9ef9bb.Insurance_claim_management-db-deployer#flowable-async-job-executor-thread-9353#
[PollExecuteTaskStatusExecution] 34352468-b085-4729-8d97-bdb72238eaed [2026-09-09T05:35:28.196038] Unlocking the container "7A235FC8B8FB49948A4676FBA87E700E"... (STDOUT, APP/TASK/deploy)#
#2026 09 09 05:35:33.357#Z#DEBUG#125301ff-ac10-11f1-b39f-eeee0a9ef9bb.Insurance_claim_management-db-deployer#flowable-async-job-executor-thread-9353#
[PollExecuteTaskStatusExecution] 34352468-b085-4729-8d97-bdb72238eaed [2026-09-09T05:35:28.196680] Unlocking the container "7A235FC8B8FB49948A4676FBA87E700E"... ok (0s 1ms) (STDOUT, APP/TASK/deploy)#
#2026 09 09 05:35:33.357#Z#DEBUG#125301ff-ac10-11f1-b39f-eeee0a9ef9bb.Insurance_claim_management-db-deployer#flowable-async-job-executor-thread-9353#
[PollExecuteTaskStatusExecution] 34352468-b085-4729-8d97-bdb72238eaed [2026-09-09T05:35:28.196754] Deployment to container 7A235FC8B8FB49948A4676FBA87E700E done [Deployment ID: none]. (STDOUT, APP/TASK/deploy)#
#2026 09 09 05:35:33.357#Z#DEBUG#125301ff-ac10-11f1-b39f-eeee0a9ef9bb.Insurance_claim_management-db-deployer#flowable-async-job-executor-thread-9353#
[PollExecuteTaskStatusExecution] 34352468-b085-4729-8d97-bdb72238eaed [2026-09-09T05:35:28.197220] Deployment ended at 2026-09-09 05:35:28 (STDOUT, APP/TASK/deploy)#
#2026 09 09 05:35:33.357#Z#DEBUG#125301ff-ac10-11f1-b39f-eeee0a9ef9bb.Insurance_claim_management-db-deployer#flowable-async-job-executor-thread-9353#
[PollExecuteTaskStatusExecution] 34352468-b085-4729-8d97-bdb72238eaed [2026-09-09T05:35:28.200278] (6s 715ms) (STDOUT, APP/TASK/deploy)#
#2026 09 09 05:35:33.357#Z#DEBUG#125301ff-ac10-11f1-b39f-eeee0a9ef9bb.Insurance_claim_management-db-deployer#flowable-async-job-executor-thread-9353#
[PollExecuteTaskStatusExecution] 34352468-b085-4729-8d97-bdb72238eaed [2026-09-09T05:35:28.234477] npm notice (STDERR, APP/TASK/deploy)#
#2026 09 09 05:35:33.357#Z#DEBUG#125301ff-ac10-11f1-b39f-eeee0a9ef9bb.Insurance_claim_management-db-deployer#flowable-async-job-executor-thread-9353#
[PollExecuteTaskStatusExecution] 34352468-b085-4729-8d97-bdb72238eaed [2026-09-09T05:35:28.234517] npm notice New major version of npm available! 11.16.0 -> 12.0.2 (STDERR, APP/TASK/deploy)#
#2026 09 09 05:35:33.357#Z#DEBUG#125301ff-ac10-11f1-b39f-eeee0a9ef9bb.Insurance_claim_management-db-deployer#flowable-async-job-executor-thread-9353#
[PollExecuteTaskStatusExecution] 34352468-b085-4729-8d97-bdb72238eaed [2026-09-09T05:35:28.234523] npm notice Changelog: https://github.com/npm/cli/releases/tag/v12.0.2 (STDERR, APP/TASK/deploy)#
#2026 09 09 05:35:33.357#Z#DEBUG#125301ff-ac10-11f1-b39f-eeee0a9ef9bb.Insurance_claim_management-db-deployer#flowable-async-job-executor-thread-9353#
[PollExecuteTaskStatusExecution] 34352468-b085-4729-8d97-bdb72238eaed [2026-09-09T05:35:28.234526] npm notice To update run: npm install -g npm@12.0.2 (STDERR, APP/TASK/deploy)#
#2026 09 09 05:35:33.357#Z#DEBUG#125301ff-ac10-11f1-b39f-eeee0a9ef9bb.Insurance_claim_management-db-deployer#flowable-async-job-executor-thread-9353#
[PollExecuteTaskStatusExecution] 34352468-b085-4729-8d97-bdb72238eaed [2026-09-09T05:35:28.234539] npm notice (STDERR, APP/TASK/deploy)#
#2026 09 09 05:35:33.357#Z#DEBUG#125301ff-ac10-11f1-b39f-eeee0a9ef9bb.Insurance_claim_management-db-deployer#flowable-async-job-executor-thread-9353#
[PollExecuteTaskStatusExecution] 34352468-b085-4729-8d97-bdb72238eaed [2026-09-09T05:35:28.684497] Exit status 0 (STDOUT, APP/TASK/deploy)#
#2026 09 09 05:35:33.357#Z#DEBUG#125301ff-ac10-11f1-b39f-eeee0a9ef9bb.Insurance_claim_management-db-deployer#flowable-async-job-executor-thread-9353#
[PollExecuteTaskStatusExecution] 34352468-b085-4729-8d97-bdb72238eaed [2026-09-09T05:35:29.422807] Cell d1cc041a-d5a1-41d6-b9f6-6cda736ce3f0 stopping instance b7597397-2c9e-48d1-aaa1-360b3c4869f1 (STDOUT, CELL)#
#2026 09 09 05:35:33.357#Z#DEBUG#125301ff-ac10-11f1-b39f-eeee0a9ef9bb.Insurance_claim_management-db-deployer#flowable-async-job-executor-thread-9353#
[PollExecuteTaskStatusExecution] 34352468-b085-4729-8d97-bdb72238eaed [2026-09-09T05:35:29.422863] Cell d1cc041a-d5a1-41d6-b9f6-6cda736ce3f0 destroying container for instance b7597397-2c9e-48d1-aaa1-360b3c4869f1 (STDOUT, CELL)#
#2026 09 09 05:35:33.357#Z#DEBUG#125301ff-ac10-11f1-b39f-eeee0a9ef9bb.Insurance_claim_management-db-deployer#flowable-async-job-executor-thread-9353#
[PollExecuteTaskStatusExecution] 34352468-b085-4729-8d97-bdb72238eaed [2026-09-09T05:35:32.742612] Cell d1cc041a-d5a1-41d6-b9f6-6cda736ce3f0 successfully destroyed container for instance b7597397-2c9e-48d1-aaa1-360b3c4869f1 (STDOUT, CELL)#
