#2026 09 09 05:35:13.300#Z#DEBUG#125301ff-ac10-11f1-b39f-eeee0a9ef9bb.Insurance_claim_management#flowable-async-job-executor-thread-15351#
[PollStageAppStatusExecution] ee8268c6-5ffd-425a-b49a-ee1e2c76f442 [2026-09-09T05:34:24.801210] Updated app with guid ee8268c6-5ffd-425a-b49a-ee1e2c76f442 ({"lifecycle"=>{"data"=>{"buildpacks"=>[]}, "type"=>"buildpack"}}) (STDOUT, API)#
#2026 09 09 05:35:13.300#Z#DEBUG#125301ff-ac10-11f1-b39f-eeee0a9ef9bb.Insurance_claim_management#flowable-async-job-executor-thread-15351#
[PollStageAppStatusExecution] ee8268c6-5ffd-425a-b49a-ee1e2c76f442 [2026-09-09T05:34:24.912264] Updating process: "web" (STDOUT, API)#
#2026 09 09 05:35:13.300#Z#DEBUG#125301ff-ac10-11f1-b39f-eeee0a9ef9bb.Insurance_claim_management#flowable-async-job-executor-thread-15351#
[PollStageAppStatusExecution] ee8268c6-5ffd-425a-b49a-ee1e2c76f442 [2026-09-09T05:34:53.527489] Uploading app package for app with guid ee8268c6-5ffd-425a-b49a-ee1e2c76f442 (STDOUT, API)#
#2026 09 09 05:35:13.300#Z#DEBUG#125301ff-ac10-11f1-b39f-eeee0a9ef9bb.Insurance_claim_management#flowable-async-job-executor-thread-15351#
[PollStageAppStatusExecution] ee8268c6-5ffd-425a-b49a-ee1e2c76f442 [2026-09-09T05:34:53.701030] Updated app with guid ee8268c6-5ffd-425a-b49a-ee1e2c76f442 ({"environment_variables"=>"[PRIVATE DATA HIDDEN]"}) (STDOUT, API)#
#2026 09 09 05:35:13.300#Z#DEBUG#125301ff-ac10-11f1-b39f-eeee0a9ef9bb.Insurance_claim_management#flowable-async-job-executor-thread-15351#
[PollStageAppStatusExecution] ee8268c6-5ffd-425a-b49a-ee1e2c76f442 [2026-09-09T05:35:03.593647] Stopping app with guid ee8268c6-5ffd-425a-b49a-ee1e2c76f442 (STDOUT, API)#
#2026 09 09 05:35:13.300#Z#DEBUG#125301ff-ac10-11f1-b39f-eeee0a9ef9bb.Insurance_claim_management#flowable-async-job-executor-thread-15351#
[PollStageAppStatusExecution] ee8268c6-5ffd-425a-b49a-ee1e2c76f442 [2026-09-09T05:35:03.627692] Cell 684caff8-89cd-492b-be01-b3d0835f1763 stopping instance a8a243e6-d81b-47e2-7e61-855a (STDOUT, CELL)#
#2026 09 09 05:35:13.300#Z#DEBUG#125301ff-ac10-11f1-b39f-eeee0a9ef9bb.Insurance_claim_management#flowable-async-job-executor-thread-15351#
[PollStageAppStatusExecution] ee8268c6-5ffd-425a-b49a-ee1e2c76f442 [2026-09-09T05:35:03.798699] Creating build for app with guid ee8268c6-5ffd-425a-b49a-ee1e2c76f442 (STDOUT, API)#
#2026 09 09 05:35:13.300#Z#DEBUG#125301ff-ac10-11f1-b39f-eeee0a9ef9bb.Insurance_claim_management#flowable-async-job-executor-thread-15351#
[PollStageAppStatusExecution] ee8268c6-5ffd-425a-b49a-ee1e2c76f442 [2026-09-09T05:35:05.132884] Downloading zero_trust_sidecar_buildpack_1_19... (STDOUT, STG)#
#2026 09 09 05:35:13.300#Z#DEBUG#125301ff-ac10-11f1-b39f-eeee0a9ef9bb.Insurance_claim_management#flowable-async-job-executor-thread-15351#
[PollStageAppStatusExecution] ee8268c6-5ffd-425a-b49a-ee1e2c76f442 [2026-09-09T05:35:05.132967] Downloading binary_buildpack... (STDOUT, STG)#
#2026 09 09 05:35:13.300#Z#DEBUG#125301ff-ac10-11f1-b39f-eeee0a9ef9bb.Insurance_claim_management#flowable-async-job-executor-thread-15351#
[PollStageAppStatusExecution] ee8268c6-5ffd-425a-b49a-ee1e2c76f442 [2026-09-09T05:35:05.133004] Downloading sap_java_buildpack_jakarta_2_68... (STDOUT, STG)#
#2026 09 09 05:35:13.300#Z#DEBUG#125301ff-ac10-11f1-b39f-eeee0a9ef9bb.Insurance_claim_management#flowable-async-job-executor-thread-15351#
[PollStageAppStatusExecution] ee8268c6-5ffd-425a-b49a-ee1e2c76f442 [2026-09-09T05:35:05.133030] Downloading sap_java_buildpack_jakarta... (STDOUT, STG)#
#2026 09 09 05:35:13.300#Z#DEBUG#125301ff-ac10-11f1-b39f-eeee0a9ef9bb.Insurance_claim_management#flowable-async-job-executor-thread-15351#
[PollStageAppStatusExecution] ee8268c6-5ffd-425a-b49a-ee1e2c76f442 [2026-09-09T05:35:05.133116] Downloading zero_trust_sidecar_buildpack... (STDOUT, STG)#
#2026 09 09 05:35:13.300#Z#DEBUG#125301ff-ac10-11f1-b39f-eeee0a9ef9bb.Insurance_claim_management#flowable-async-job-executor-thread-15351#
[PollStageAppStatusExecution] ee8268c6-5ffd-425a-b49a-ee1e2c76f442 [2026-09-09T05:35:05.170785] Downloaded zero_trust_sidecar_buildpack (STDOUT, STG)#
#2026 09 09 05:35:13.300#Z#DEBUG#125301ff-ac10-11f1-b39f-eeee0a9ef9bb.Insurance_claim_management#flowable-async-job-executor-thread-15351#
[PollStageAppStatusExecution] ee8268c6-5ffd-425a-b49a-ee1e2c76f442 [2026-09-09T05:35:05.170837] Downloading java_buildpack_v5_preview... (STDOUT, STG)#
#2026 09 09 05:35:13.300#Z#DEBUG#125301ff-ac10-11f1-b39f-eeee0a9ef9bb.Insurance_claim_management#flowable-async-job-executor-thread-15351#
[PollStageAppStatusExecution] ee8268c6-5ffd-425a-b49a-ee1e2c76f442 [2026-09-09T05:35:05.173492] Downloaded sap_java_buildpack_jakarta_2_68 (STDOUT, STG)#
#2026 09 09 05:35:13.300#Z#DEBUG#125301ff-ac10-11f1-b39f-eeee0a9ef9bb.Insurance_claim_management#flowable-async-job-executor-thread-15351#
[PollStageAppStatusExecution] ee8268c6-5ffd-425a-b49a-ee1e2c76f442 [2026-09-09T05:35:05.173529] Downloading zero_trust_sidecar_buildpack_1_18... (STDOUT, STG)#
#2026 09 09 05:35:13.300#Z#DEBUG#125301ff-ac10-11f1-b39f-eeee0a9ef9bb.Insurance_claim_management#flowable-async-job-executor-thread-15351#
[PollStageAppStatusExecution] ee8268c6-5ffd-425a-b49a-ee1e2c76f442 [2026-09-09T05:35:05.177005] Downloaded binary_buildpack (STDOUT, STG)#
#2026 09 09 05:35:13.300#Z#DEBUG#125301ff-ac10-11f1-b39f-eeee0a9ef9bb.Insurance_claim_management#flowable-async-job-executor-thread-15351#
[PollStageAppStatusExecution] ee8268c6-5ffd-425a-b49a-ee1e2c76f442 [2026-09-09T05:35:05.177049] Downloading go_buildpack... (STDOUT, STG)#
#2026 09 09 05:35:13.300#Z#DEBUG#125301ff-ac10-11f1-b39f-eeee0a9ef9bb.Insurance_claim_management#flowable-async-job-executor-thread-15351#
[PollStageAppStatusExecution] ee8268c6-5ffd-425a-b49a-ee1e2c76f442 [2026-09-09T05:35:05.177239] Downloaded zero_trust_sidecar_buildpack_1_19 (STDOUT, STG)#
#2026 09 09 05:35:13.300#Z#DEBUG#125301ff-ac10-11f1-b39f-eeee0a9ef9bb.Insurance_claim_management#flowable-async-job-executor-thread-15351#
[PollStageAppStatusExecution] ee8268c6-5ffd-425a-b49a-ee1e2c76f442 [2026-09-09T05:35:05.191985] Downloading python_buildpack... (STDOUT, STG)#
#2026 09 09 05:35:13.300#Z#DEBUG#125301ff-ac10-11f1-b39f-eeee0a9ef9bb.Insurance_claim_management#flowable-async-job-executor-thread-15351#
[PollStageAppStatusExecution] ee8268c6-5ffd-425a-b49a-ee1e2c76f442 [2026-09-09T05:35:05.209411] Downloaded java_buildpack_v5_preview (STDOUT, STG)#
#2026 09 09 05:35:13.300#Z#DEBUG#125301ff-ac10-11f1-b39f-eeee0a9ef9bb.Insurance_claim_management#flowable-async-job-executor-thread-15351#
[PollStageAppStatusExecution] ee8268c6-5ffd-425a-b49a-ee1e2c76f442 [2026-09-09T05:35:05.209489] Downloading staticfile_buildpack... (STDOUT, STG)#
#2026 09 09 05:35:13.300#Z#DEBUG#125301ff-ac10-11f1-b39f-eeee0a9ef9bb.Insurance_claim_management#flowable-async-job-executor-thread-15351#
[PollStageAppStatusExecution] ee8268c6-5ffd-425a-b49a-ee1e2c76f442 [2026-09-09T05:35:05.213023] Downloaded zero_trust_sidecar_buildpack_1_18 (STDOUT, STG)#
#2026 09 09 05:35:13.300#Z#DEBUG#125301ff-ac10-11f1-b39f-eeee0a9ef9bb.Insurance_claim_management#flowable-async-job-executor-thread-15351#
[PollStageAppStatusExecution] ee8268c6-5ffd-425a-b49a-ee1e2c76f442 [2026-09-09T05:35:05.213065] Downloading php_buildpack... (STDOUT, STG)#
#2026 09 09 05:35:13.300#Z#DEBUG#125301ff-ac10-11f1-b39f-eeee0a9ef9bb.Insurance_claim_management#flowable-async-job-executor-thread-15351#
[PollStageAppStatusExecution] ee8268c6-5ffd-425a-b49a-ee1e2c76f442 [2026-09-09T05:35:05.214865] Downloaded sap_java_buildpack_jakarta (STDOUT, STG)#
#2026 09 09 05:35:13.300#Z#DEBUG#125301ff-ac10-11f1-b39f-eeee0a9ef9bb.Insurance_claim_management#flowable-async-job-executor-thread-15351#
[PollStageAppStatusExecution] ee8268c6-5ffd-425a-b49a-ee1e2c76f442 [2026-09-09T05:35:05.214906] Downloading java_buildpack... (STDOUT, STG)#
#2026 09 09 05:35:13.300#Z#DEBUG#125301ff-ac10-11f1-b39f-eeee0a9ef9bb.Insurance_claim_management#flowable-async-job-executor-thread-15351#
[PollStageAppStatusExecution] ee8268c6-5ffd-425a-b49a-ee1e2c76f442 [2026-09-09T05:35:05.219355] Downloaded go_buildpack (STDOUT, STG)#
#2026 09 09 05:35:13.300#Z#DEBUG#125301ff-ac10-11f1-b39f-eeee0a9ef9bb.Insurance_claim_management#flowable-async-job-executor-thread-15351#
[PollStageAppStatusExecution] ee8268c6-5ffd-425a-b49a-ee1e2c76f442 [2026-09-09T05:35:05.219396] Downloading nginx_buildpack... (STDOUT, STG)#
#2026 09 09 05:35:13.300#Z#DEBUG#125301ff-ac10-11f1-b39f-eeee0a9ef9bb.Insurance_claim_management#flowable-async-job-executor-thread-15351#
[PollStageAppStatusExecution] ee8268c6-5ffd-425a-b49a-ee1e2c76f442 [2026-09-09T05:35:05.230962] Downloaded python_buildpack (STDOUT, STG)#
#2026 09 09 05:35:13.300#Z#DEBUG#125301ff-ac10-11f1-b39f-eeee0a9ef9bb.Insurance_claim_management#flowable-async-job-executor-thread-15351#
[PollStageAppStatusExecution] ee8268c6-5ffd-425a-b49a-ee1e2c76f442 [2026-09-09T05:35:05.231003] Downloading nodejs_buildpack... (STDOUT, STG)#
#2026 09 09 05:35:13.300#Z#DEBUG#125301ff-ac10-11f1-b39f-eeee0a9ef9bb.Insurance_claim_management#flowable-async-job-executor-thread-15351#
[PollStageAppStatusExecution] ee8268c6-5ffd-425a-b49a-ee1e2c76f442 [2026-09-09T05:35:05.232757] Downloaded php_buildpack (STDOUT, STG)#
#2026 09 09 05:35:13.300#Z#DEBUG#125301ff-ac10-11f1-b39f-eeee0a9ef9bb.Insurance_claim_management#flowable-async-job-executor-thread-15351#
[PollStageAppStatusExecution] ee8268c6-5ffd-425a-b49a-ee1e2c76f442 [2026-09-09T05:35:05.232792] Downloading zero_trust_sidecar_buildpack_1_20... (STDOUT, STG)#
#2026 09 09 05:35:13.300#Z#DEBUG#125301ff-ac10-11f1-b39f-eeee0a9ef9bb.Insurance_claim_management#flowable-async-job-executor-thread-15351#
[PollStageAppStatusExecution] ee8268c6-5ffd-425a-b49a-ee1e2c76f442 [2026-09-09T05:35:05.238965] Downloaded nginx_buildpack (STDOUT, STG)#
#2026 09 09 05:35:13.300#Z#DEBUG#125301ff-ac10-11f1-b39f-eeee0a9ef9bb.Insurance_claim_management#flowable-async-job-executor-thread-15351#
[PollStageAppStatusExecution] ee8268c6-5ffd-425a-b49a-ee1e2c76f442 [2026-09-09T05:35:05.239] Downloading sap_java_buildpack_jakarta_2_69... (STDOUT, STG)#
#2026 09 09 05:35:13.300#Z#DEBUG#125301ff-ac10-11f1-b39f-eeee0a9ef9bb.Insurance_claim_management#flowable-async-job-executor-thread-15351#
[PollStageAppStatusExecution] ee8268c6-5ffd-425a-b49a-ee1e2c76f442 [2026-09-09T05:35:05.243662] Downloaded staticfile_buildpack (STDOUT, STG)#
#2026 09 09 05:35:13.300#Z#DEBUG#125301ff-ac10-11f1-b39f-eeee0a9ef9bb.Insurance_claim_management#flowable-async-job-executor-thread-15351#
[PollStageAppStatusExecution] ee8268c6-5ffd-425a-b49a-ee1e2c76f442 [2026-09-09T05:35:05.243700] Downloading sap_java_buildpack_jakarta_2_67... (STDOUT, STG)#
#2026 09 09 05:35:13.300#Z#DEBUG#125301ff-ac10-11f1-b39f-eeee0a9ef9bb.Insurance_claim_management#flowable-async-job-executor-thread-15351#
[PollStageAppStatusExecution] ee8268c6-5ffd-425a-b49a-ee1e2c76f442 [2026-09-09T05:35:05.249247] Downloaded nodejs_buildpack (STDOUT, STG)#
#2026 09 09 05:35:13.300#Z#DEBUG#125301ff-ac10-11f1-b39f-eeee0a9ef9bb.Insurance_claim_management#flowable-async-job-executor-thread-15351#
[PollStageAppStatusExecution] ee8268c6-5ffd-425a-b49a-ee1e2c76f442 [2026-09-09T05:35:05.249453] Downloaded java_buildpack (STDOUT, STG)#
#2026 09 09 05:35:13.300#Z#DEBUG#125301ff-ac10-11f1-b39f-eeee0a9ef9bb.Insurance_claim_management#flowable-async-job-executor-thread-15351#
[PollStageAppStatusExecution] ee8268c6-5ffd-425a-b49a-ee1e2c76f442 [2026-09-09T05:35:05.250223] Downloaded zero_trust_sidecar_buildpack_1_20 (STDOUT, STG)#
#2026 09 09 05:35:13.300#Z#DEBUG#125301ff-ac10-11f1-b39f-eeee0a9ef9bb.Insurance_claim_management#flowable-async-job-executor-thread-15351#
[PollStageAppStatusExecution] ee8268c6-5ffd-425a-b49a-ee1e2c76f442 [2026-09-09T05:35:05.257390] Downloaded sap_java_buildpack_jakarta_2_69 (STDOUT, STG)#
#2026 09 09 05:35:13.300#Z#DEBUG#125301ff-ac10-11f1-b39f-eeee0a9ef9bb.Insurance_claim_management#flowable-async-job-executor-thread-15351#
[PollStageAppStatusExecution] ee8268c6-5ffd-425a-b49a-ee1e2c76f442 [2026-09-09T05:35:05.282375] Downloaded sap_java_buildpack_jakarta_2_67 (STDOUT, STG)#
#2026 09 09 05:35:13.300#Z#DEBUG#125301ff-ac10-11f1-b39f-eeee0a9ef9bb.Insurance_claim_management#flowable-async-job-executor-thread-15351#
[PollStageAppStatusExecution] ee8268c6-5ffd-425a-b49a-ee1e2c76f442 [2026-09-09T05:35:05.282489] Cell 684caff8-89cd-492b-be01-b3d0835f1763 creating container for instance a0bdf042-12df-492f-acc9-380dd3df01fe (STDOUT, STG)#
#2026 09 09 05:35:13.300#Z#DEBUG#125301ff-ac10-11f1-b39f-eeee0a9ef9bb.Insurance_claim_management#flowable-async-job-executor-thread-15351#
[PollStageAppStatusExecution] ee8268c6-5ffd-425a-b49a-ee1e2c76f442 [2026-09-09T05:35:05.868258] Security group rules were updated (STDOUT, STG)#
#2026 09 09 05:35:13.300#Z#DEBUG#125301ff-ac10-11f1-b39f-eeee0a9ef9bb.Insurance_claim_management#flowable-async-job-executor-thread-15351#
[PollStageAppStatusExecution] ee8268c6-5ffd-425a-b49a-ee1e2c76f442 [2026-09-09T05:35:05.944756] Cell 684caff8-89cd-492b-be01-b3d0835f1763 successfully created container for instance a0bdf042-12df-492f-acc9-380dd3df01fe (STDOUT, STG)#
#2026 09 09 05:35:13.300#Z#DEBUG#125301ff-ac10-11f1-b39f-eeee0a9ef9bb.Insurance_claim_management#flowable-async-job-executor-thread-15351#
[PollStageAppStatusExecution] ee8268c6-5ffd-425a-b49a-ee1e2c76f442 [2026-09-09T05:35:06.597748] Downloading app package... (STDOUT, STG)#
#2026 09 09 05:35:13.300#Z#DEBUG#125301ff-ac10-11f1-b39f-eeee0a9ef9bb.Insurance_claim_management#flowable-async-job-executor-thread-15351#
[PollStageAppStatusExecution] ee8268c6-5ffd-425a-b49a-ee1e2c76f442 [2026-09-09T05:35:06.597763] Downloading build artifacts cache... (STDOUT, STG)#
#2026 09 09 05:35:13.300#Z#DEBUG#125301ff-ac10-11f1-b39f-eeee0a9ef9bb.Insurance_claim_management#flowable-async-job-executor-thread-15351#
[PollStageAppStatusExecution] ee8268c6-5ffd-425a-b49a-ee1e2c76f442 [2026-09-09T05:35:06.680501] Downloaded build artifacts cache (225B) (STDOUT, STG)#
#2026 09 09 05:35:13.300#Z#DEBUG#125301ff-ac10-11f1-b39f-eeee0a9ef9bb.Insurance_claim_management#flowable-async-job-executor-thread-15351#
[PollStageAppStatusExecution] ee8268c6-5ffd-425a-b49a-ee1e2c76f442 [2026-09-09T05:35:07.554662] Downloaded app package (7.1M) (STDOUT, STG)#
#2026 09 09 05:35:13.300#Z#DEBUG#125301ff-ac10-11f1-b39f-eeee0a9ef9bb.Insurance_claim_management#flowable-async-job-executor-thread-15351#
[PollStageAppStatusExecution] ee8268c6-5ffd-425a-b49a-ee1e2c76f442 [2026-09-09T05:35:08.337531] -----> Nodejs Buildpack version 1.9.3 (STDOUT, STG)#
#2026 09 09 05:35:13.300#Z#DEBUG#125301ff-ac10-11f1-b39f-eeee0a9ef9bb.Insurance_claim_management#flowable-async-job-executor-thread-15351#
[PollStageAppStatusExecution] ee8268c6-5ffd-425a-b49a-ee1e2c76f442 [2026-09-09T05:35:08.787350] -----> Bootstrapping python (STDOUT, STG)#
#2026 09 09 05:35:13.300#Z#DEBUG#125301ff-ac10-11f1-b39f-eeee0a9ef9bb.Insurance_claim_management#flowable-async-job-executor-thread-15351#
[PollStageAppStatusExecution] ee8268c6-5ffd-425a-b49a-ee1e2c76f442 [2026-09-09T05:35:08.787388] -----> Installing python 3.13.14 (STDOUT, STG)#
#2026 09 09 05:35:13.300#Z#DEBUG#125301ff-ac10-11f1-b39f-eeee0a9ef9bb.Insurance_claim_management#flowable-async-job-executor-thread-15351#
[PollStageAppStatusExecution] ee8268c6-5ffd-425a-b49a-ee1e2c76f442 [2026-09-09T05:35:08.787586] Copy [/tmp/buildpacks/336fb825d4d72bff/dependencies/4b4266a2ff36730aef37b88b668ca327/python_3.13.14_linux_x64_cflinuxfs4_b80d4954.tgz] (STDOUT, STG)#
#2026 09 09 05:35:13.300#Z#DEBUG#125301ff-ac10-11f1-b39f-eeee0a9ef9bb.Insurance_claim_management#flowable-async-job-executor-thread-15351#
[PollStageAppStatusExecution] ee8268c6-5ffd-425a-b49a-ee1e2c76f442 [2026-09-09T05:35:12.993061] -----> Installing binaries (STDOUT, STG)#
#2026 09 09 05:35:13.300#Z#DEBUG#125301ff-ac10-11f1-b39f-eeee0a9ef9bb.Insurance_claim_management#flowable-async-job-executor-thread-15351#
[PollStageAppStatusExecution] ee8268c6-5ffd-425a-b49a-ee1e2c76f442 [2026-09-09T05:35:12.993266] engines.node (package.json): unspecified (STDOUT, STG)#
#2026 09 09 05:35:13.300#Z#DEBUG#125301ff-ac10-11f1-b39f-eeee0a9ef9bb.Insurance_claim_management#flowable-async-job-executor-thread-15351#
[PollStageAppStatusExecution] ee8268c6-5ffd-425a-b49a-ee1e2c76f442 [2026-09-09T05:35:12.993334] engines.npm (package.json): unspecified (use default) (STDOUT, STG)#
#2026 09 09 05:35:13.300#Z#DEBUG#125301ff-ac10-11f1-b39f-eeee0a9ef9bb.Insurance_claim_management#flowable-async-job-executor-thread-15351#
[PollStageAppStatusExecution] ee8268c6-5ffd-425a-b49a-ee1e2c76f442 [2026-09-09T05:35:12.993415] [31;1m**WARNING**[0m Node version not specified in package.json or .nvmrc. See: http://docs.cloudfoundry.org/buildpacks/node/node-tips.html (STDOUT, STG)#
#2026 09 09 05:35:13.300#Z#DEBUG#125301ff-ac10-11f1-b39f-eeee0a9ef9bb.Insurance_claim_management#flowable-async-job-executor-thread-15351#
[PollStageAppStatusExecution] ee8268c6-5ffd-425a-b49a-ee1e2c76f442 [2026-09-09T05:35:12.993519] -----> Installing node 22.23.1 (STDOUT, STG)#
#2026 09 09 05:35:13.300#Z#DEBUG#125301ff-ac10-11f1-b39f-eeee0a9ef9bb.Insurance_claim_management#flowable-async-job-executor-thread-15351#
[PollStageAppStatusExecution] ee8268c6-5ffd-425a-b49a-ee1e2c76f442 [2026-09-09T05:35:12.993771] Copy [/tmp/buildpacks/336fb825d4d72bff/dependencies/da260f7f1d69f16ac66d62a9a4cde815/node_22.23.1_linux_x64_cflinuxfs4_1bd9c039.tgz] (STDOUT, STG)#
#2026 09 09 05:35:23.346#Z#DEBUG#125301ff-ac10-11f1-b39f-eeee0a9ef9bb.Insurance_claim_management#flowable-async-job-executor-thread-9344#
[PollStageAppStatusExecution] ee8268c6-5ffd-425a-b49a-ee1e2c76f442 [2026-09-09T05:35:15.424512] Using default npm version: 10.9.8 (STDOUT, STG)#
#2026 09 09 05:35:23.346#Z#DEBUG#125301ff-ac10-11f1-b39f-eeee0a9ef9bb.Insurance_claim_management#flowable-async-job-executor-thread-9344#
[PollStageAppStatusExecution] ee8268c6-5ffd-425a-b49a-ee1e2c76f442 [2026-09-09T05:35:15.424613] -----> Installing yarn 1.22.22 (STDOUT, STG)#
#2026 09 09 05:35:23.346#Z#DEBUG#125301ff-ac10-11f1-b39f-eeee0a9ef9bb.Insurance_claim_management#flowable-async-job-executor-thread-9344#
[PollStageAppStatusExecution] ee8268c6-5ffd-425a-b49a-ee1e2c76f442 [2026-09-09T05:35:15.424800] Copy [/tmp/buildpacks/336fb825d4d72bff/dependencies/e4fe26756e9984a665478d350474fa2e/yarn_1.22.22_linux_noarch_any-stack_b6132b86.tgz] (STDOUT, STG)#
#2026 09 09 05:35:23.346#Z#DEBUG#125301ff-ac10-11f1-b39f-eeee0a9ef9bb.Insurance_claim_management#flowable-async-job-executor-thread-9344#
[PollStageAppStatusExecution] ee8268c6-5ffd-425a-b49a-ee1e2c76f442 [2026-09-09T05:35:15.789299] Installed yarn 1.22.22 (STDOUT, STG)#
#2026 09 09 05:35:23.346#Z#DEBUG#125301ff-ac10-11f1-b39f-eeee0a9ef9bb.Insurance_claim_management#flowable-async-job-executor-thread-9344#
[PollStageAppStatusExecution] ee8268c6-5ffd-425a-b49a-ee1e2c76f442 [2026-09-09T05:35:15.789333] -----> Creating runtime environment (STDOUT, STG)#
#2026 09 09 05:35:23.346#Z#DEBUG#125301ff-ac10-11f1-b39f-eeee0a9ef9bb.Insurance_claim_management#flowable-async-job-executor-thread-9344#
[PollStageAppStatusExecution] ee8268c6-5ffd-425a-b49a-ee1e2c76f442 [2026-09-09T05:35:15.791579] NODE_ENV=production (STDOUT, STG)#
#2026 09 09 05:35:23.346#Z#DEBUG#125301ff-ac10-11f1-b39f-eeee0a9ef9bb.Insurance_claim_management#flowable-async-job-executor-thread-9344#
[PollStageAppStatusExecution] ee8268c6-5ffd-425a-b49a-ee1e2c76f442 [2026-09-09T05:35:15.791672] NODE_HOME=/tmp/contents3489543131/deps/0/node (STDOUT, STG)#
#2026 09 09 05:35:23.346#Z#DEBUG#125301ff-ac10-11f1-b39f-eeee0a9ef9bb.Insurance_claim_management#flowable-async-job-executor-thread-9344#
[PollStageAppStatusExecution] ee8268c6-5ffd-425a-b49a-ee1e2c76f442 [2026-09-09T05:35:15.791693] NODE_MODULES_CACHE=true (STDOUT, STG)#
#2026 09 09 05:35:23.346#Z#DEBUG#125301ff-ac10-11f1-b39f-eeee0a9ef9bb.Insurance_claim_management#flowable-async-job-executor-thread-9344#
[PollStageAppStatusExecution] ee8268c6-5ffd-425a-b49a-ee1e2c76f442 [2026-09-09T05:35:15.791696] NODE_VERBOSE=false (STDOUT, STG)#
#2026 09 09 05:35:23.346#Z#DEBUG#125301ff-ac10-11f1-b39f-eeee0a9ef9bb.Insurance_claim_management#flowable-async-job-executor-thread-9344#
[PollStageAppStatusExecution] ee8268c6-5ffd-425a-b49a-ee1e2c76f442 [2026-09-09T05:35:15.791704] NPM_CONFIG_LOGLEVEL=error (STDOUT, STG)#
#2026 09 09 05:35:23.346#Z#DEBUG#125301ff-ac10-11f1-b39f-eeee0a9ef9bb.Insurance_claim_management#flowable-async-job-executor-thread-9344#
[PollStageAppStatusExecution] ee8268c6-5ffd-425a-b49a-ee1e2c76f442 [2026-09-09T05:35:15.791707] NPM_CONFIG_PRODUCTION=true (STDOUT, STG)#
#2026 09 09 05:35:23.346#Z#DEBUG#125301ff-ac10-11f1-b39f-eeee0a9ef9bb.Insurance_claim_management#flowable-async-job-executor-thread-9344#
[PollStageAppStatusExecution] ee8268c6-5ffd-425a-b49a-ee1e2c76f442 [2026-09-09T05:35:15.791709] -----> Building dependencies (STDOUT, STG)#
#2026 09 09 05:35:23.346#Z#DEBUG#125301ff-ac10-11f1-b39f-eeee0a9ef9bb.Insurance_claim_management#flowable-async-job-executor-thread-9344#
[PollStageAppStatusExecution] ee8268c6-5ffd-425a-b49a-ee1e2c76f442 [2026-09-09T05:35:15.791711] Prebuild detected (node_modules already exists) (STDOUT, STG)#
#2026 09 09 05:35:23.346#Z#DEBUG#125301ff-ac10-11f1-b39f-eeee0a9ef9bb.Insurance_claim_management#flowable-async-job-executor-thread-9344#
[PollStageAppStatusExecution] ee8268c6-5ffd-425a-b49a-ee1e2c76f442 [2026-09-09T05:35:15.791714] Rebuilding any native modules (STDOUT, STG)#
#2026 09 09 05:35:23.346#Z#DEBUG#125301ff-ac10-11f1-b39f-eeee0a9ef9bb.Insurance_claim_management#flowable-async-job-executor-thread-9344#
[PollStageAppStatusExecution] ee8268c6-5ffd-425a-b49a-ee1e2c76f442 [2026-09-09T05:35:16.599287] rebuilt dependencies successfully (STDOUT, STG)#
#2026 09 09 05:35:23.346#Z#DEBUG#125301ff-ac10-11f1-b39f-eeee0a9ef9bb.Insurance_claim_management#flowable-async-job-executor-thread-9344#
[PollStageAppStatusExecution] ee8268c6-5ffd-425a-b49a-ee1e2c76f442 [2026-09-09T05:35:16.600604] npm notice (STDOUT, STG)#
#2026 09 09 05:35:23.346#Z#DEBUG#125301ff-ac10-11f1-b39f-eeee0a9ef9bb.Insurance_claim_management#flowable-async-job-executor-thread-9344#
[PollStageAppStatusExecution] ee8268c6-5ffd-425a-b49a-ee1e2c76f442 [2026-09-09T05:35:16.600634] npm notice New major version of npm available! 10.9.8 -> 12.0.2 (STDOUT, STG)#
#2026 09 09 05:35:23.346#Z#DEBUG#125301ff-ac10-11f1-b39f-eeee0a9ef9bb.Insurance_claim_management#flowable-async-job-executor-thread-9344#
[PollStageAppStatusExecution] ee8268c6-5ffd-425a-b49a-ee1e2c76f442 [2026-09-09T05:35:16.600638] npm notice Changelog: https://github.com/npm/cli/releases/tag/v12.0.2 (STDOUT, STG)#
#2026 09 09 05:35:23.346#Z#DEBUG#125301ff-ac10-11f1-b39f-eeee0a9ef9bb.Insurance_claim_management#flowable-async-job-executor-thread-9344#
[PollStageAppStatusExecution] ee8268c6-5ffd-425a-b49a-ee1e2c76f442 [2026-09-09T05:35:16.600641] npm notice To update run: npm install -g npm@12.0.2 (STDOUT, STG)#
#2026 09 09 05:35:23.346#Z#DEBUG#125301ff-ac10-11f1-b39f-eeee0a9ef9bb.Insurance_claim_management#flowable-async-job-executor-thread-9344#
[PollStageAppStatusExecution] ee8268c6-5ffd-425a-b49a-ee1e2c76f442 [2026-09-09T05:35:16.600643] npm notice (STDOUT, STG)#
#2026 09 09 05:35:23.346#Z#DEBUG#125301ff-ac10-11f1-b39f-eeee0a9ef9bb.Insurance_claim_management#flowable-async-job-executor-thread-9344#
[PollStageAppStatusExecution] ee8268c6-5ffd-425a-b49a-ee1e2c76f442 [2026-09-09T05:35:16.668517] Installing any new modules (package.json + package-lock.json) (STDOUT, STG)#
#2026 09 09 05:35:23.346#Z#DEBUG#125301ff-ac10-11f1-b39f-eeee0a9ef9bb.Insurance_claim_management#flowable-async-job-executor-thread-9344#
[PollStageAppStatusExecution] ee8268c6-5ffd-425a-b49a-ee1e2c76f442 [2026-09-09T05:35:17.452115] up to date in 703ms (STDOUT, STG)#
#2026 09 09 05:35:23.346#Z#DEBUG#125301ff-ac10-11f1-b39f-eeee0a9ef9bb.Insurance_claim_management#flowable-async-job-executor-thread-9344#
[PollStageAppStatusExecution] ee8268c6-5ffd-425a-b49a-ee1e2c76f442 [2026-09-09T05:35:17.452238] 32 packages are looking for funding (STDOUT, STG)#
#2026 09 09 05:35:23.346#Z#DEBUG#125301ff-ac10-11f1-b39f-eeee0a9ef9bb.Insurance_claim_management#flowable-async-job-executor-thread-9344#
[PollStageAppStatusExecution] ee8268c6-5ffd-425a-b49a-ee1e2c76f442 [2026-09-09T05:35:17.452256] run `npm fund` for details (STDOUT, STG)#
#2026 09 09 05:35:23.346#Z#DEBUG#125301ff-ac10-11f1-b39f-eeee0a9ef9bb.Insurance_claim_management#flowable-async-job-executor-thread-9344#
[PollStageAppStatusExecution] ee8268c6-5ffd-425a-b49a-ee1e2c76f442 [2026-09-09T05:35:18.455941] Contrast Security no credentials found. Will not write environment files. (STDOUT, STG)#
#2026 09 09 05:35:33.346#Z#DEBUG#125301ff-ac10-11f1-b39f-eeee0a9ef9bb.Insurance_claim_management#flowable-async-job-executor-thread-9352#
[PollStageAppStatusExecution] ee8268c6-5ffd-425a-b49a-ee1e2c76f442 [2026-09-09T05:35:29.021756] Exit status 0 (STDOUT, STG)#
#2026 09 09 05:35:33.346#Z#DEBUG#125301ff-ac10-11f1-b39f-eeee0a9ef9bb.Insurance_claim_management#flowable-async-job-executor-thread-9352#
[PollStageAppStatusExecution] ee8268c6-5ffd-425a-b49a-ee1e2c76f442 [2026-09-09T05:35:29.021811] Uploading droplet, build artifacts cache... (STDOUT, STG)#
#2026 09 09 05:35:33.346#Z#DEBUG#125301ff-ac10-11f1-b39f-eeee0a9ef9bb.Insurance_claim_management#flowable-async-job-executor-thread-9352#
[PollStageAppStatusExecution] ee8268c6-5ffd-425a-b49a-ee1e2c76f442 [2026-09-09T05:35:29.021852] Uploading droplet... (STDOUT, STG)#
#2026 09 09 05:35:33.346#Z#DEBUG#125301ff-ac10-11f1-b39f-eeee0a9ef9bb.Insurance_claim_management#flowable-async-job-executor-thread-9352#
[PollStageAppStatusExecution] ee8268c6-5ffd-425a-b49a-ee1e2c76f442 [2026-09-09T05:35:29.021962] Uploading build artifacts cache... (STDOUT, STG)#
#2026 09 09 05:35:33.346#Z#DEBUG#125301ff-ac10-11f1-b39f-eeee0a9ef9bb.Insurance_claim_management#flowable-async-job-executor-thread-9352#
[PollStageAppStatusExecution] ee8268c6-5ffd-425a-b49a-ee1e2c76f442 [2026-09-09T05:35:29.042916] Uploaded build artifacts cache (226B) (STDOUT, STG)#
#2026 09 09 05:35:33.346#Z#DEBUG#125301ff-ac10-11f1-b39f-eeee0a9ef9bb.Insurance_claim_management#flowable-async-job-executor-thread-9352#
[PollStageAppStatusExecution] ee8268c6-5ffd-425a-b49a-ee1e2c76f442 [2026-09-09T05:35:29.820369] Creating droplet for app with guid ee8268c6-5ffd-425a-b49a-ee1e2c76f442 (STDOUT, API)#
#2026 09 09 05:35:43.365#Z#DEBUG#125301ff-ac10-11f1-b39f-eeee0a9ef9bb.Insurance_claim_management#flowable-async-job-executor-thread-15360#
[PollStageAppStatusExecution] ee8268c6-5ffd-425a-b49a-ee1e2c76f442 [2026-09-09T05:35:33.892385] Uploaded droplet (62.4M) (STDOUT, STG)#
#2026 09 09 05:35:43.365#Z#DEBUG#125301ff-ac10-11f1-b39f-eeee0a9ef9bb.Insurance_claim_management#flowable-async-job-executor-thread-15360#
[PollStageAppStatusExecution] ee8268c6-5ffd-425a-b49a-ee1e2c76f442 [2026-09-09T05:35:33.914875] Uploading complete (STDOUT, STG)#
#2026 09 09 05:35:43.365#Z#DEBUG#125301ff-ac10-11f1-b39f-eeee0a9ef9bb.Insurance_claim_management#flowable-async-job-executor-thread-15360#
[PollStageAppStatusExecution] ee8268c6-5ffd-425a-b49a-ee1e2c76f442 [2026-09-09T05:35:34.419268] Cell 684caff8-89cd-492b-be01-b3d0835f1763 stopping instance a0bdf042-12df-492f-acc9-380dd3df01fe (STDOUT, STG)#
#2026 09 09 05:35:43.365#Z#DEBUG#125301ff-ac10-11f1-b39f-eeee0a9ef9bb.Insurance_claim_management#flowable-async-job-executor-thread-15360#
[PollStageAppStatusExecution] ee8268c6-5ffd-425a-b49a-ee1e2c76f442 [2026-09-09T05:35:34.419308] Cell 684caff8-89cd-492b-be01-b3d0835f1763 destroying container for instance a0bdf042-12df-492f-acc9-380dd3df01fe (STDOUT, STG)#
#2026 09 09 05:35:43.365#Z#DEBUG#125301ff-ac10-11f1-b39f-eeee0a9ef9bb.Insurance_claim_management#flowable-async-job-executor-thread-15360#
[PollStageAppStatusExecution] ee8268c6-5ffd-425a-b49a-ee1e2c76f442 [2026-09-09T05:35:34.460719] Staging complete for build a0bdf042-12df-492f-acc9-380dd3df01fe (STDOUT, API)#
#2026 09 09 05:35:43.365#Z#DEBUG#125301ff-ac10-11f1-b39f-eeee0a9ef9bb.Insurance_claim_management#flowable-async-job-executor-thread-15360#
[PollStageAppStatusExecution] ee8268c6-5ffd-425a-b49a-ee1e2c76f442 [2026-09-09T05:35:37.479396] Cell 684caff8-89cd-492b-be01-b3d0835f1763 successfully destroyed container for instance a0bdf042-12df-492f-acc9-380dd3df01fe (STDOUT, STG)#
#2026 09 09 05:35:53.386#Z#DEBUG#125301ff-ac10-11f1-b39f-eeee0a9ef9bb.Insurance_claim_management#flowable-async-job-executor-thread-15366#
[PollStartAppStatusExecution] ee8268c6-5ffd-425a-b49a-ee1e2c76f442 [2026-09-09T05:35:43.432576] Updated app with guid ee8268c6-5ffd-425a-b49a-ee1e2c76f442 ({:droplet_guid=>"247c7601-8beb-4172-b0bd-f9f966597db5"}) (STDOUT, API)#
#2026 09 09 05:35:53.387#Z#DEBUG#125301ff-ac10-11f1-b39f-eeee0a9ef9bb.Insurance_claim_management#flowable-async-job-executor-thread-15366#
[PollStartAppStatusExecution] ee8268c6-5ffd-425a-b49a-ee1e2c76f442 [2026-09-09T05:35:43.613170] Creating revision for app with guid ee8268c6-5ffd-425a-b49a-ee1e2c76f442 (STDOUT, API)#
#2026 09 09 05:35:53.387#Z#DEBUG#125301ff-ac10-11f1-b39f-eeee0a9ef9bb.Insurance_claim_management#flowable-async-job-executor-thread-15366#
[PollStartAppStatusExecution] ee8268c6-5ffd-425a-b49a-ee1e2c76f442 [2026-09-09T05:35:43.655277] Starting app with guid ee8268c6-5ffd-425a-b49a-ee1e2c76f442 (STDOUT, API)#
#2026 09 09 05:35:53.387#Z#DEBUG#125301ff-ac10-11f1-b39f-eeee0a9ef9bb.Insurance_claim_management#flowable-async-job-executor-thread-15366#
[PollStartAppStatusExecution] ee8268c6-5ffd-425a-b49a-ee1e2c76f442 [2026-09-09T05:35:43.891064] Cell 684caff8-89cd-492b-be01-b3d0835f1763 creating container for instance 31a92bc4-4faa-46ff-754d-f475 (STDOUT, CELL)#
#2026 09 09 05:35:53.387#Z#DEBUG#125301ff-ac10-11f1-b39f-eeee0a9ef9bb.Insurance_claim_management#flowable-async-job-executor-thread-15366#
[PollStartAppStatusExecution] ee8268c6-5ffd-425a-b49a-ee1e2c76f442 [2026-09-09T05:35:44.641250] Security group rules were updated (STDOUT, CELL)#
#2026 09 09 05:35:53.387#Z#DEBUG#125301ff-ac10-11f1-b39f-eeee0a9ef9bb.Insurance_claim_management#flowable-async-job-executor-thread-15366#
[PollStartAppStatusExecution] ee8268c6-5ffd-425a-b49a-ee1e2c76f442 [2026-09-09T05:35:44.730360] Cell 684caff8-89cd-492b-be01-b3d0835f1763 successfully created container for instance 31a92bc4-4faa-46ff-754d-f475 (STDOUT, CELL)#
#2026 09 09 05:35:53.387#Z#DEBUG#125301ff-ac10-11f1-b39f-eeee0a9ef9bb.Insurance_claim_management#flowable-async-job-executor-thread-15366#
[PollStartAppStatusExecution] ee8268c6-5ffd-425a-b49a-ee1e2c76f442 [2026-09-09T05:35:45.648572] Downloading droplet... (STDOUT, CELL)#
#2026 09 09 05:35:53.387#Z#DEBUG#125301ff-ac10-11f1-b39f-eeee0a9ef9bb.Insurance_claim_management#flowable-async-job-executor-thread-15366#
[PollStartAppStatusExecution] ee8268c6-5ffd-425a-b49a-ee1e2c76f442 [2026-09-09T05:35:51.397921] Downloaded droplet (62.4M) (STDOUT, CELL)#
#2026 09 09 05:35:53.387#Z#DEBUG#125301ff-ac10-11f1-b39f-eeee0a9ef9bb.Insurance_claim_management#flowable-async-job-executor-thread-15366#
[PollStartAppStatusExecution] ee8268c6-5ffd-425a-b49a-ee1e2c76f442 [2026-09-09T05:35:51.398092] Starting health monitoring of container (STDOUT, CELL)#
#2026 09 09 05:35:53.387#Z#DEBUG#125301ff-ac10-11f1-b39f-eeee0a9ef9bb.Insurance_claim_management#flowable-async-job-executor-thread-15366#
[PollStartAppStatusExecution] ee8268c6-5ffd-425a-b49a-ee1e2c76f442 [2026-09-09T05:35:51.570663] Invoking pre-start scripts. (STDOUT, APP/PROC/WEB)#
#2026 09 09 05:35:53.387#Z#DEBUG#125301ff-ac10-11f1-b39f-eeee0a9ef9bb.Insurance_claim_management#flowable-async-job-executor-thread-15366#
[PollStartAppStatusExecution] ee8268c6-5ffd-425a-b49a-ee1e2c76f442 [2026-09-09T05:35:51.796864] Invoking start command. (STDOUT, APP/PROC/WEB)#
#2026 09 09 05:35:53.387#Z#DEBUG#125301ff-ac10-11f1-b39f-eeee0a9ef9bb.Insurance_claim_management#flowable-async-job-executor-thread-15366#
[PollStartAppStatusExecution] ee8268c6-5ffd-425a-b49a-ee1e2c76f442 [2026-09-09T05:35:52.292296] > start (STDOUT, APP/PROC/WEB)#
#2026 09 09 05:35:53.387#Z#DEBUG#125301ff-ac10-11f1-b39f-eeee0a9ef9bb.Insurance_claim_management#flowable-async-job-executor-thread-15366#
[PollStartAppStatusExecution] ee8268c6-5ffd-425a-b49a-ee1e2c76f442 [2026-09-09T05:35:52.292328] > node node_modules/@sap/approuter/approuter.js (STDOUT, APP/PROC/WEB)#
#2026 09 09 05:35:53.387#Z#DEBUG#125301ff-ac10-11f1-b39f-eeee0a9ef9bb.Insurance_claim_management#flowable-async-job-executor-thread-15366#
[PollStartAppStatusExecution] ee8268c6-5ffd-425a-b49a-ee1e2c76f442 [2026-09-09T05:35:52.497722] {"written_at":"2026-09-09T05:35:52.494Z","written_ts":1788932152494000000,"csn_component":"-","correlation_id":"-","type":"log","logger":"nodejs-logger","layer":"/LoggingLibrary","level":"warning","container_id":"10.32.1.6","component_type":"application","component_id":"ee8268c6-5ffd-425a-b49a-ee1e2c76f442","component_name":"Insurance_claim_management","component_instance":-1,"source_instance":-1,"organization_id":"a8788203-b551-47eb-923a-7c205db28329","organization_name":"547c31aatrial","space_id":"7e49670e-3a44-466e-ab78-1909884ded4e","space_name":"dev","context_id":"","msg":"Dynamic log level switching not available"} (STDOUT, APP/PROC/WEB)#
#2026 09 09 05:35:53.387#Z#DEBUG#125301ff-ac10-11f1-b39f-eeee0a9ef9bb.Insurance_claim_management#flowable-async-job-executor-thread-15366#
[PollStartAppStatusExecution] ee8268c6-5ffd-425a-b49a-ee1e2c76f442 [2026-09-09T05:35:53.068527] {"written_at":"2026-09-09T05:35:53.067Z","written_ts":1788932153067000000,"csn_component":"-","correlation_id":"mtto0jjg","type":"log","logger":"nodejs-logger","layer":"/approuter","level":"info","container_id":"10.32.1.6","component_type":"application","component_id":"ee8268c6-5ffd-425a-b49a-ee1e2c76f442","component_name":"Insurance_claim_management","component_instance":-1,"source_instance":-1,"organization_id":"a8788203-b551-47eb-923a-7c205db28329","organization_name":"547c31aatrial","space_id":"7e49670e-3a44-466e-ab78-1909884ded4e","space_name":"dev","context_id":"mtto0jjg","msg":"Application router version 21.5.0"} (STDOUT, APP/PROC/WEB)#
#2026 09 09 05:35:53.387#Z#DEBUG#125301ff-ac10-11f1-b39f-eeee0a9ef9bb.Insurance_claim_management#flowable-async-job-executor-thread-15366#
[PollStartAppStatusExecution] ee8268c6-5ffd-425a-b49a-ee1e2c76f442 [2026-09-09T05:35:53.075806] {"written_at":"2026-09-09T05:35:53.075Z","written_ts":1788932153075000000,"csn_component":"-","correlation_id":"mtto0jjn","type":"log","logger":"nodejs-logger","layer":"/Configuration","level":"info","container_id":"10.32.1.6","component_type":"application","component_id":"ee8268c6-5ffd-425a-b49a-ee1e2c76f442","component_name":"Insurance_claim_management","component_instance":-1,"source_instance":-1,"organization_id":"a8788203-b551-47eb-923a-7c205db28329","organization_name":"547c31aatrial","space_id":"7e49670e-3a44-466e-ab78-1909884ded4e","space_name":"dev","context_id":"mtto0jjn","msg":"No COOKIES environment variable"} (STDOUT, APP/PROC/WEB)#
#2026 09 09 05:36:03.406#Z#DEBUG#125301ff-ac10-11f1-b39f-eeee0a9ef9bb.Insurance_claim_management#flowable-async-job-executor-thread-15372#
[PollStartAppStatusExecution] ee8268c6-5ffd-425a-b49a-ee1e2c76f442 [2026-09-09T05:35:53.112483] {"written_at":"2026-09-09T05:35:53.112Z","written_ts":1788932153112000000,"csn_component":"-","correlation_id":"mtto0jjg","type":"log","logger":"nodejs-logger","layer":"/approuter","level":"info","container_id":"10.32.1.6","component_type":"application","component_id":"ee8268c6-5ffd-425a-b49a-ee1e2c76f442","component_name":"Insurance_claim_management","component_instance":-1,"source_instance":-1,"organization_id":"a8788203-b551-47eb-923a-7c205db28329","organization_name":"547c31aatrial","space_id":"7e49670e-3a44-466e-ab78-1909884ded4e","space_name":"dev","context_id":"mtto0jjg","msg":"Application router is listening on port: 8080"} (STDOUT, APP/PROC/WEB)#
#2026 09 09 05:36:03.406#Z#DEBUG#125301ff-ac10-11f1-b39f-eeee0a9ef9bb.Insurance_claim_management#flowable-async-job-executor-thread-15372#
[PollStartAppStatusExecution] ee8268c6-5ffd-425a-b49a-ee1e2c76f442 [2026-09-09T05:35:54.896554] Container became healthy (STDOUT, CELL)#
#2026 09 09 05:36:03.406#Z#DEBUG#125301ff-ac10-11f1-b39f-eeee0a9ef9bb.Insurance_claim_management#flowable-async-job-executor-thread-15372#
[PollStartAppStatusExecution] ee8268c6-5ffd-425a-b49a-ee1e2c76f442 [2026-09-09T05:35:54.921047] Process became ready with guid ee8268c6-5ffd-425a-b49a-ee1e2c76f442 payload: {"instance"=>"31a92bc4-4faa-46ff-754d-f475", "index"=>0, "cell_id"=>"684caff8-89cd-492b-be01-b3d0835f1763", "ready"=>true, "version"=>"876a22cd-0751-4715-9881-705b1a7aca4a"} (STDOUT, API)#
